Archive member included to satisfy reference by file (symbol)

d:/zkrj/gnu arm embedded toolchain/9 2020-q2-update/bin/../lib/gcc/arm-none-eabi/9.3.1/../../../../arm-none-eabi/lib/thumb/v7-m/nofp\libstdc++_nano.a(del_ops.o)
                              build/defaultTask.o (operator delete(void*, unsigned int))
d:/zkrj/gnu arm embedded toolchain/9 2020-q2-update/bin/../lib/gcc/arm-none-eabi/9.3.1/../../../../arm-none-eabi/lib/thumb/v7-m/nofp\libstdc++_nano.a(eh_arm.o)
                              build/defaultTask.o (__cxa_end_cleanup)
d:/zkrj/gnu arm embedded toolchain/9 2020-q2-update/bin/../lib/gcc/arm-none-eabi/9.3.1/../../../../arm-none-eabi/lib/thumb/v7-m/nofp\libstdc++_nano.a(eh_exception.o)
                              d:/zkrj/gnu arm embedded toolchain/9 2020-q2-update/bin/../lib/gcc/arm-none-eabi/9.3.1/../../../../arm-none-eabi/lib/thumb/v7-m/nofp\libstdc++_nano.a(eh_arm.o) (typeinfo for __cxxabiv1::__forced_unwind)
d:/zkrj/gnu arm embedded toolchain/9 2020-q2-update/bin/../lib/gcc/arm-none-eabi/9.3.1/../../../../arm-none-eabi/lib/thumb/v7-m/nofp\libstdc++_nano.a(eh_globals.o)
                              d:/zkrj/gnu arm embedded toolchain/9 2020-q2-update/bin/../lib/gcc/arm-none-eabi/9.3.1/../../../../arm-none-eabi/lib/thumb/v7-m/nofp\libstdc++_nano.a(eh_arm.o) (__cxa_get_globals)
d:/zkrj/gnu arm embedded toolchain/9 2020-q2-update/bin/../lib/gcc/arm-none-eabi/9.3.1/../../../../arm-none-eabi/lib/thumb/v7-m/nofp\libstdc++_nano.a(eh_personality.o)
                              build/defaultTask.o (__gxx_personality_v0)
d:/zkrj/gnu arm embedded toolchain/9 2020-q2-update/bin/../lib/gcc/arm-none-eabi/9.3.1/../../../../arm-none-eabi/lib/thumb/v7-m/nofp\libstdc++_nano.a(eh_terminate.o)
                              d:/zkrj/gnu arm embedded toolchain/9 2020-q2-update/bin/../lib/gcc/arm-none-eabi/9.3.1/../../../../arm-none-eabi/lib/thumb/v7-m/nofp\libstdc++_nano.a(eh_arm.o) (std::terminate())
d:/zkrj/gnu arm embedded toolchain/9 2020-q2-update/bin/../lib/gcc/arm-none-eabi/9.3.1/../../../../arm-none-eabi/lib/thumb/v7-m/nofp\libstdc++_nano.a(eh_unex_handler.o)
                              d:/zkrj/gnu arm embedded toolchain/9 2020-q2-update/bin/../lib/gcc/arm-none-eabi/9.3.1/../../../../arm-none-eabi/lib/thumb/v7-m/nofp\libstdc++_nano.a(eh_terminate.o) (__cxxabiv1::__unexpected_handler)
d:/zkrj/gnu arm embedded toolchain/9 2020-q2-update/bin/../lib/gcc/arm-none-eabi/9.3.1/../../../../arm-none-eabi/lib/thumb/v7-m/nofp\libstdc++_nano.a(new_opv.o)
                              build/uart.o (operator new[](unsigned int))
d:/zkrj/gnu arm embedded toolchain/9 2020-q2-update/bin/../lib/gcc/arm-none-eabi/9.3.1/../../../../arm-none-eabi/lib/thumb/v7-m/nofp\libstdc++_nano.a(pure.o)
                              d:/zkrj/gnu arm embedded toolchain/9 2020-q2-update/bin/../lib/gcc/arm-none-eabi/9.3.1/../../../../arm-none-eabi/lib/thumb/v7-m/nofp\libstdc++_nano.a(eh_exception.o) (__cxa_pure_virtual)
d:/zkrj/gnu arm embedded toolchain/9 2020-q2-update/bin/../lib/gcc/arm-none-eabi/9.3.1/../../../../arm-none-eabi/lib/thumb/v7-m/nofp\libstdc++_nano.a(si_class_type_info.o)
                              d:/zkrj/gnu arm embedded toolchain/9 2020-q2-update/bin/../lib/gcc/arm-none-eabi/9.3.1/../../../../arm-none-eabi/lib/thumb/v7-m/nofp\libstdc++_nano.a(eh_exception.o) (vtable for __cxxabiv1::__si_class_type_info)
d:/zkrj/gnu arm embedded toolchain/9 2020-q2-update/bin/../lib/gcc/arm-none-eabi/9.3.1/../../../../arm-none-eabi/lib/thumb/v7-m/nofp\libstdc++_nano.a(tinfo.o)
                              d:/zkrj/gnu arm embedded toolchain/9 2020-q2-update/bin/../lib/gcc/arm-none-eabi/9.3.1/../../../../arm-none-eabi/lib/thumb/v7-m/nofp\libstdc++_nano.a(si_class_type_info.o) (std::type_info::__is_pointer_p() const)
d:/zkrj/gnu arm embedded toolchain/9 2020-q2-update/bin/../lib/gcc/arm-none-eabi/9.3.1/../../../../arm-none-eabi/lib/thumb/v7-m/nofp\libstdc++_nano.a(class_type_info.o)
                              d:/zkrj/gnu arm embedded toolchain/9 2020-q2-update/bin/../lib/gcc/arm-none-eabi/9.3.1/../../../../arm-none-eabi/lib/thumb/v7-m/nofp\libstdc++_nano.a(si_class_type_info.o) (__cxxabiv1::__class_type_info::__do_upcast(__cxxabiv1::__class_type_info const*, void**) const)
d:/zkrj/gnu arm embedded toolchain/9 2020-q2-update/bin/../lib/gcc/arm-none-eabi/9.3.1/../../../../arm-none-eabi/lib/thumb/v7-m/nofp\libstdc++_nano.a(eh_call.o)
                              d:/zkrj/gnu arm embedded toolchain/9 2020-q2-update/bin/../lib/gcc/arm-none-eabi/9.3.1/../../../../arm-none-eabi/lib/thumb/v7-m/nofp\libstdc++_nano.a(eh_personality.o) (__cxa_call_terminate)
d:/zkrj/gnu arm embedded toolchain/9 2020-q2-update/bin/../lib/gcc/arm-none-eabi/9.3.1/../../../../arm-none-eabi/lib/thumb/v7-m/nofp\libstdc++_nano.a(eh_catch.o)
                              d:/zkrj/gnu arm embedded toolchain/9 2020-q2-update/bin/../lib/gcc/arm-none-eabi/9.3.1/../../../../arm-none-eabi/lib/thumb/v7-m/nofp\libstdc++_nano.a(eh_call.o) (__cxa_begin_catch)
[...]
Memory Configuration

Name             Origin             Length             Attributes
RAM              0x20000000         0x00005000         xrw
FLASH            0x08000000         0x00010000         xr
*default*        0x00000000         0xffffffff

Linker script and memory map

LOAD d:/zkrj/gnu arm embedded toolchain/9 2020-q2-update/bin/../lib/gcc/arm-none-eabi/9.3.1/thumb/v7-m/nofp/crti.o
LOAD d:/zkrj/gnu arm embedded toolchain/9 2020-q2-update/bin/../lib/gcc/arm-none-eabi/9.3.1/thumb/v7-m/nofp/crtbegin.o
LOAD d:/zkrj/gnu arm embedded toolchain/9 2020-q2-update/bin/../lib/gcc/arm-none-eabi/9.3.1/../../../../arm-none-eabi/lib/thumb/v7-m/nofp/crt0.o
LOAD build/main.o
LOAD build/stm32f1xx_it.o
LOAD build/stm32f1xx_hal_msp.o
LOAD build/stm32f1xx_hal_gpio_ex.o
LOAD build/stm32f1xx_hal_tim.o
LOAD build/stm32f1xx_hal_tim_ex.o
LOAD build/stm32f1xx_hal.o
LOAD build/stm32f1xx_hal_rcc.o
LOAD build/stm32f1xx_hal_rcc_ex.o
LOAD build/stm32f1xx_hal_gpio.o
LOAD build/stm32f1xx_hal_dma.o
LOAD build/stm32f1xx_hal_cortex.o
LOAD build/stm32f1xx_hal_pwr.o
LOAD build/stm32f1xx_hal_flash.o
LOAD build/stm32f1xx_hal_flash_ex.o
LOAD build/stm32f1xx_hal_exti.o
LOAD build/system_stm32f1xx.o
LOAD build/stm32f1xx_hal_timebase_tim.o
LOAD build/freertos.o
LOAD build/stm32f1xx_hal_uart.o
LOAD build/croutine.o
LOAD build/event_groups.o
LOAD build/list.o
LOAD build/queue.o
LOAD build/stream_buffer.o
LOAD build/tasks.o
LOAD build/timers.o
LOAD build/cmsis_os2.o
LOAD build/heap_4.o
LOAD build/port.o
LOAD build/stm32f1xx_hal_can.o
LOAD build/defaultTask.o
LOAD build/cliTask.o
LOAD build/machineTask.o
LOAD build/platform.o
LOAD build/led.o
LOAD build/uart.o
LOAD build/can.o
LOAD build/cli.o
LOAD build/toshibaStepMotor.o
LOAD build/ivesStepMotor.o
LOAD build/canStepMotor.o
LOAD build/canSensor.o
LOAD build/startup_stm32f103xb.o
LOAD d:/zkrj/gnu arm embedded toolchain/9 2020-q2-update/bin/../lib/gcc/arm-none-eabi/9.3.1/../../../../arm-none-eabi/lib/thumb/v7-m/nofp\libnosys.a
LOAD d:/zkrj/gnu arm embedded toolchain/9 2020-q2-update/bin/../lib/gcc/arm-none-eabi/9.3.1/../../../../arm-none-eabi/lib/thumb/v7-m/nofp\libstdc++_nano.a
LOAD d:/zkrj/gnu arm embedded toolchain/9 2020-q2-update/bin/../lib/gcc/arm-none-eabi/9.3.1/../../../../arm-none-eabi/lib/thumb/v7-m/nofp\libm.a
LOAD d:/zkrj/gnu arm embedded toolchain/9 2020-q2-update/bin/../lib/gcc/arm-none-eabi/9.3.1/../../../../arm-none-eabi/lib/thumb/v7-m/nofp\libc_nano.a
START GROUP
LOAD d:/zkrj/gnu arm embedded toolchain/9 2020-q2-update/bin/../lib/gcc/arm-none-eabi/9.3.1/thumb/v7-m/nofp\libgcc.a
LOAD d:/zkrj/gnu arm embedded toolchain/9 2020-q2-update/bin/../lib/gcc/arm-none-eabi/9.3.1/../../../../arm-none-eabi/lib/thumb/v7-m/nofp\libc_nano.a
END GROUP
START GROUP
LOAD d:/zkrj/gnu arm embedded toolchain/9 2020-q2-update/bin/../lib/gcc/arm-none-eabi/9.3.1/thumb/v7-m/nofp\libgcc.a
LOAD d:/zkrj/gnu arm embedded toolchain/9 2020-q2-update/bin/../lib/gcc/arm-none-eabi/9.3.1/../../../../arm-none-eabi/lib/thumb/v7-m/nofp\libc_nano.a
LOAD d:/zkrj/gnu arm embedded toolchain/9 2020-q2-update/bin/../lib/gcc/arm-none-eabi/9.3.1/../../../../arm-none-eabi/lib/thumb/v7-m/nofp\libnosys.a
END GROUP
START GROUP
LOAD d:/zkrj/gnu arm embedded toolchain/9 2020-q2-update/bin/../lib/gcc/arm-none-eabi/9.3.1/thumb/v7-m/nofp\libgcc.a
LOAD d:/zkrj/gnu arm embedded toolchain/9 2020-q2-update/bin/../lib/gcc/arm-none-eabi/9.3.1/../../../../arm-none-eabi/lib/thumb/v7-m/nofp\libc_nano.a
LOAD d:/zkrj/gnu arm embedded toolchain/9 2020-q2-update/bin/../lib/gcc/arm-none-eabi/9.3.1/../../../../arm-none-eabi/lib/thumb/v7-m/nofp\libnosys.a
END GROUP
LOAD d:/zkrj/gnu arm embedded toolchain/9 2020-q2-update/bin/../lib/gcc/arm-none-eabi/9.3.1/thumb/v7-m/nofp/crtend.o
LOAD d:/zkrj/gnu arm embedded toolchain/9 2020-q2-update/bin/../lib/gcc/arm-none-eabi/9.3.1/thumb/v7-m/nofp/crtn.o
                0x20005000                _estack = 0x20005000
                0x00000600                _Min_Heap_Size = 0x600
                0x00000400                _Min_Stack_Size = 0x400

.isr_vector     0x08000000      0x10c
                0x08000000                . = ALIGN (0x4)
 *(.isr_vector)
 .isr_vector    0x08000000      0x10c build/startup_stm32f103xb.o
                0x08000000                g_pfnVectors
                0x0800010c                . = ALIGN (0x4)

.text           0x08000110     0x7e8c
                0x08000110                . = ALIGN (0x4)
 *(.text)
 .text          0x08000110       0x40 d:/zkrj/gnu arm embedded toolchain/9 2020-q2-update/bin/../lib/gcc/arm-none-eabi/9.3.1/thumb/v7-m/nofp/crtbegin.o
 .text          0x08000150       0x14 d:/zkrj/gnu arm embedded toolchain/9 2020-q2-update/bin/../lib/gcc/arm-none-eabi/9.3.1/../../../../arm-none-eabi/lib/thumb/v7-m/nofp\libc_nano.a(lib_a-strcmp.o)
                0x08000150                strcmp
 .text          0x08000164       0x10 d:/zkrj/gnu arm embedded toolchain/9 2020-q2-update/bin/../lib/gcc/arm-none-eabi/9.3.1/../../../../arm-none-eabi/lib/thumb/v7-m/nofp\libc_nano.a(lib_a-strlen.o)
                0x08000164                strlen
 .text          0x08000174      0x9a8 d:/zkrj/gnu arm embedded toolchain/9 2020-q2-update/bin/../lib/gcc/arm-none-eabi/9.3.1/thumb/v7-m/nofp\libgcc.a(unwind-arm.o)
                0x08000418                _Unwind_GetCFA
                0x0800041c                __gnu_Unwind_RaiseException
                0x0800047c                __gnu_Unwind_ForcedUnwind
                0x08000490                __gnu_Unwind_Resume
                0x080004d4                __gnu_Unwind_Resume_or_Rethrow
                0x080004e8                _Unwind_Complete
                0x080004ec                _Unwind_DeleteException
                0x080004f8                _Unwind_VRS_Get
                0x08000540                _Unwind_VRS_Set
                0x0800058c                __gnu_Unwind_Backtrace
                0x080008a8                __aeabi_unwind_cpp_pr0
                0x080008ac                __aeabi_unwind_cpp_pr1
                0x080008b0                __aeabi_unwind_cpp_pr2
                0x080008b4                _Unwind_VRS_Pop
 .text          0x08000b1c      0x1ac d:/zkrj/gnu arm embedded toolchain/9 2020-q2-update/bin/../lib/gcc/arm-none-eabi/9.3.1/thumb/v7-m/nofp\libgcc.a(libunwind.o)
                0x08000b1c                __restore_core_regs
                0x08000b1c                restore_core_regs
                0x08000b34                __gnu_Unwind_Restore_VFP
                0x08000b3c                __gnu_Unwind_Save_VFP
                0x08000b44                __gnu_Unwind_Restore_VFP_D
                0x08000b4c                __gnu_Unwind_Save_VFP_D
                0x08000b54                __gnu_Unwind_Restore_VFP_D_16_to_31
                0x08000b5c                __gnu_Unwind_Save_VFP_D_16_to_31
                0x08000b64                __gnu_Unwind_Restore_WMMXD
                0x08000ba8                __gnu_Unwind_Save_WMMXD
                0x08000bec                __gnu_Unwind_Restore_WMMXC
                0x08000c00                __gnu_Unwind_Save_WMMXC
                0x08000c14                ___Unwind_RaiseException
                0x08000c14                _Unwind_RaiseException
                0x08000c38                _Unwind_Resume
                0x08000c38                ___Unwind_Resume
                0x08000c5c                _Unwind_Resume_or_Rethrow
                0x08000c5c                ___Unwind_Resume_or_Rethrow
                0x08000c80                _Unwind_ForcedUnwind
                0x08000c80                ___Unwind_ForcedUnwind
                0x08000ca4                ___Unwind_Backtrace
                0x08000ca4                _Unwind_Backtrace
 .text          0x08000cc8      0x33c d:/zkrj/gnu arm embedded toolchain/9 2020-q2-update/bin/../lib/gcc/arm-none-eabi/9.3.1/thumb/v7-m/nofp\libgcc.a(pr-support.o)
                0x08000d20                __gnu_unwind_execute
                0x08000fbc                __gnu_unwind_frame
                0x08000fe4                _Unwind_GetRegionStart
                0x08000ff0                _Unwind_GetLanguageSpecificData
 *(.text*)
 .text.MX_GPIO_Init
                0x08001004       0xc4 build/main.o
 .text.MX_DMA_Init
                0x080010c8       0x84 build/main.o
 .text.MX_USART1_UART_Init
                0x0800114c       0x2c build/main.o
 .text.MX_USART2_UART_Init
                0x08001178       0x2c build/main.o
 .text.MX_USART3_UART_Init
                0x080011a4       0x2c build/main.o
 .text.MX_CAN_Init
                0x080011d0       0x30 build/main.o
 .text.StartDefaultTask
                0x08001200        0xa build/main.o
                0x08001200                StartDefaultTask
 .text.SystemClock_Config
                0x0800120a       0x52 build/main.o
                0x0800120a                SystemClock_Config
 .text.main     0x0800125c       0x4c build/main.o
                0x0800125c                main
 .text.HAL_TIM_PeriodElapsedCallback
                0x080012a8       0x18 build/main.o
                0x080012a8                HAL_TIM_PeriodElapsedCallback
 .text.Error_Handler
                0x080012c0        0x2 build/main.o
                0x080012c0                Error_Handler
 .text.NMI_Handler
                0x080012c2        0x2 build/stm32f1xx_it.o
                0x080012c2                NMI_Handler
 .text.HardFault_Handler
                0x080012c4        0x2 build/stm32f1xx_it.o
                0x080012c4                HardFault_Handler
 .text.MemManage_Handler
                0x080012c6        0x2 build/stm32f1xx_it.o
                0x080012c6                MemManage_Handler
 .text.BusFault_Handler
                0x080012c8        0x2 build/stm32f1xx_it.o
                0x080012c8                BusFault_Handler
 .text.UsageFault_Handler
                0x080012ca        0x2 build/stm32f1xx_it.o
                0x080012ca                UsageFault_Handler
 .text.DebugMon_Handler
                0x080012cc        0x2 build/stm32f1xx_it.o
                0x080012cc                DebugMon_Handler
 *fill*         0x080012ce        0x2 
 .text.DMA1_Channel2_IRQHandler
                0x080012d0       0x10 build/stm32f1xx_it.o
                0x080012d0                DMA1_Channel2_IRQHandler
 .text.DMA1_Channel3_IRQHandler
                0x080012e0       0x10 build/stm32f1xx_it.o
                0x080012e0                DMA1_Channel3_IRQHandler
 .text.DMA1_Channel4_IRQHandler
                0x080012f0       0x10 build/stm32f1xx_it.o
                0x080012f0                DMA1_Channel4_IRQHandler
 .text.DMA1_Channel5_IRQHandler
                0x08001300       0x10 build/stm32f1xx_it.o
                0x08001300                DMA1_Channel5_IRQHandler
 .text.DMA1_Channel6_IRQHandler
                0x08001310       0x10 build/stm32f1xx_it.o
                0x08001310                DMA1_Channel6_IRQHandler
 .text.DMA1_Channel7_IRQHandler
                0x08001320       0x10 build/stm32f1xx_it.o
                0x08001320                DMA1_Channel7_IRQHandler
 .text.USB_LP_CAN1_RX0_IRQHandler
                0x08001330       0x10 build/stm32f1xx_it.o
                0x08001330                USB_LP_CAN1_RX0_IRQHandler
 .text.TIM1_UP_IRQHandler
                0x08001340       0x10 build/stm32f1xx_it.o
                0x08001340                TIM1_UP_IRQHandler
 .text.USART1_IRQHandler
                0x08001350       0x14 build/stm32f1xx_it.o
                0x08001350                USART1_IRQHandler
 .text.USART2_IRQHandler
                0x08001364       0x10 build/stm32f1xx_it.o
                0x08001364                USART2_IRQHandler
 .text.USART3_IRQHandler
                0x08001374       0x10 build/stm32f1xx_it.o
                0x08001374                USART3_IRQHandler
 .text.HAL_MspInit
                0x08001384       0x44 build/stm32f1xx_hal_msp.o
                0x08001384                HAL_MspInit
 .text.HAL_CAN_MspInit
                0x080013c8       0x88 build/stm32f1xx_hal_msp.o
                0x080013c8                HAL_CAN_MspInit
 .text.HAL_UART_MspInit
                0x08001450      0x29c build/stm32f1xx_hal_msp.o
                0x08001450                HAL_UART_MspInit
 .text.HAL_TIM_Base_MspInit
                0x080016ec        0x2 build/stm32f1xx_hal_tim.o
                0x080016ec                HAL_TIM_Base_MspInit
 *fill*         0x080016ee        0x2 
 .text.HAL_TIM_Base_Start_IT
                0x080016f0       0x68 build/stm32f1xx_hal_tim.o
                0x080016f0                HAL_TIM_Base_Start_IT
 .text.HAL_TIM_OC_DelayElapsedCallback
                0x08001758        0x2 build/stm32f1xx_hal_tim.o
                0x08001758                HAL_TIM_OC_DelayElapsedCallback
 .text.HAL_TIM_IC_CaptureCallback
                0x0800175a        0x2 build/stm32f1xx_hal_tim.o
                0x0800175a                HAL_TIM_IC_CaptureCallback
 .text.HAL_TIM_PWM_PulseFinishedCallback
                0x0800175c        0x2 build/stm32f1xx_hal_tim.o
                0x0800175c                HAL_TIM_PWM_PulseFinishedCallback
 .text.HAL_TIM_TriggerCallback
                0x0800175e        0x2 build/stm32f1xx_hal_tim.o
                0x0800175e                HAL_TIM_TriggerCallback
 .text.HAL_TIM_IRQHandler
                0x08001760      0x17a build/stm32f1xx_hal_tim.o
                0x08001760                HAL_TIM_IRQHandler
 *fill*         0x080018da        0x2 
 .text.TIM_Base_SetConfig
                0x080018dc       0x74 build/stm32f1xx_hal_tim.o
                0x080018dc                TIM_Base_SetConfig
 .text.HAL_TIM_Base_Init
                0x08001950       0x58 build/stm32f1xx_hal_tim.o
                0x08001950                HAL_TIM_Base_Init
 .text.HAL_TIMEx_CommutCallback
                0x080019a8        0x2 build/stm32f1xx_hal_tim_ex.o
                0x080019a8                HAL_TIMEx_CommutCallback
 .text.HAL_TIMEx_BreakCallback
                0x080019aa        0x2 build/stm32f1xx_hal_tim_ex.o
                0x080019aa                HAL_TIMEx_BreakCallback
 .text.HAL_Init
                0x080019ac       0x24 build/stm32f1xx_hal.o
                0x080019ac                HAL_Init
 .text.HAL_IncTick
                0x080019d0       0x18 build/stm32f1xx_hal.o
                0x080019d0                HAL_IncTick
 .text.HAL_GetTick
                0x080019e8        0xc build/stm32f1xx_hal.o
                0x080019e8                HAL_GetTick
 .text.RCC_Delay
                0x080019f4       0x2c build/stm32f1xx_hal_rcc.o
 .text.HAL_RCC_OscConfig
                0x08001a20      0x410 build/stm32f1xx_hal_rcc.o
                0x08001a20                HAL_RCC_OscConfig
 .text.HAL_RCC_GetSysClockFreq
                0x08001e30       0x6c build/stm32f1xx_hal_rcc.o
                0x08001e30                HAL_RCC_GetSysClockFreq
 .text.HAL_RCC_ClockConfig
                0x08001e9c      0x16c build/stm32f1xx_hal_rcc.o
                0x08001e9c                HAL_RCC_ClockConfig
 .text.HAL_RCC_GetHCLKFreq
                0x08002008        0xc build/stm32f1xx_hal_rcc.o
                0x08002008                HAL_RCC_GetHCLKFreq
 .text.HAL_RCC_GetPCLK1Freq
                0x08002014       0x20 build/stm32f1xx_hal_rcc.o
                0x08002014                HAL_RCC_GetPCLK1Freq
 .text.HAL_RCC_GetPCLK2Freq
                0x08002034       0x20 build/stm32f1xx_hal_rcc.o
                0x08002034                HAL_RCC_GetPCLK2Freq
 .text.HAL_RCC_GetClockConfig
                0x08002054       0x3c build/stm32f1xx_hal_rcc.o
                0x08002054                HAL_RCC_GetClockConfig
 .text.HAL_GPIO_Init
                0x08002090      0x220 build/stm32f1xx_hal_gpio.o
                0x08002090                HAL_GPIO_Init
 .text.HAL_GPIO_WritePin
                0x080022b0        0xc build/stm32f1xx_hal_gpio.o
                0x080022b0                HAL_GPIO_WritePin
 .text.HAL_GPIO_TogglePin
                0x080022bc       0x12 build/stm32f1xx_hal_gpio.o
                0x080022bc                HAL_GPIO_TogglePin
 .text.DMA_SetConfig
                0x080022ce       0x2c build/stm32f1xx_hal_dma.o
 *fill*         0x080022fa        0x2 
 .text.HAL_DMA_Init
                0x080022fc       0x6c build/stm32f1xx_hal_dma.o
                0x080022fc                HAL_DMA_Init
 .text.HAL_DMA_Start_IT
                0x08002368       0x74 build/stm32f1xx_hal_dma.o
                0x08002368                HAL_DMA_Start_IT
 .text.HAL_DMA_Abort
                0x080023dc       0x44 build/stm32f1xx_hal_dma.o
                0x080023dc                HAL_DMA_Abort
 .text.HAL_DMA_Abort_IT
                0x08002420       0x98 build/stm32f1xx_hal_dma.o
                0x08002420                HAL_DMA_Abort_IT
 .text.HAL_DMA_IRQHandler
                0x080024b8      0x144 build/stm32f1xx_hal_dma.o
                0x080024b8                HAL_DMA_IRQHandler
 .text.HAL_DMA_GetError
                0x080025fc        0x4 build/stm32f1xx_hal_dma.o
                0x080025fc                HAL_DMA_GetError
 .text.HAL_NVIC_SetPriorityGrouping
                0x08002600       0x24 build/stm32f1xx_hal_cortex.o
                0x08002600                HAL_NVIC_SetPriorityGrouping
 .text.HAL_NVIC_SetPriority
                0x08002624       0x68 build/stm32f1xx_hal_cortex.o
                0x08002624                HAL_NVIC_SetPriority
 .text.HAL_NVIC_EnableIRQ
                0x0800268c       0x1c build/stm32f1xx_hal_cortex.o
                0x0800268c                HAL_NVIC_EnableIRQ
 .text.SystemInit
                0x080026a8        0x2 build/system_stm32f1xx.o
                0x080026a8                SystemInit
 *fill*         0x080026aa        0x2 
 .text.HAL_InitTick
                0x080026ac       0x78 build/stm32f1xx_hal_timebase_tim.o
                0x080026ac                HAL_InitTick
 .text.UART_EndTxTransfer
                0x08002724       0x12 build/stm32f1xx_hal_uart.o
 .text.UART_EndRxTransfer
                0x08002736       0x1c build/stm32f1xx_hal_uart.o
 .text.UART_Transmit_IT
                0x08002752       0x60 build/stm32f1xx_hal_uart.o
 *fill*         0x080027b2        0x2 
 .text.UART_SetConfig
                0x080027b4       0x90 build/stm32f1xx_hal_uart.o
 .text.HAL_UART_Init
                0x08002844       0x5e build/stm32f1xx_hal_uart.o
                0x08002844                HAL_UART_Init
 *fill*         0x080028a2        0x2 
 .text.HAL_UART_Transmit_DMA
                0x080028a4       0x8c build/stm32f1xx_hal_uart.o
                0x080028a4                HAL_UART_Transmit_DMA
 .text.HAL_UART_Receive_DMA
                0x08002930       0xa8 build/stm32f1xx_hal_uart.o
                0x08002930                HAL_UART_Receive_DMA
 .text.HAL_UART_AbortReceive
                0x080029d8       0x58 build/stm32f1xx_hal_uart.o
                0x080029d8                HAL_UART_AbortReceive
 .text.HAL_UART_TxCpltCallback
                0x08002a30        0x2 build/stm32f1xx_hal_uart.o
                0x08002a30                HAL_UART_TxCpltCallback
 .text.UART_DMATransmitCplt
                0x08002a32       0x30 build/stm32f1xx_hal_uart.o
 .text.UART_EndTransmit_IT
                0x08002a62       0x1a build/stm32f1xx_hal_uart.o
 .text.HAL_UART_TxHalfCpltCallback
                0x08002a7c        0x2 build/stm32f1xx_hal_uart.o
                0x08002a7c                HAL_UART_TxHalfCpltCallback
 .text.UART_DMATxHalfCplt
                0x08002a7e        0xa build/stm32f1xx_hal_uart.o
 .text.UART_DMAReceiveCplt
                0x08002a88       0x3e build/stm32f1xx_hal_uart.o
 .text.UART_Receive_IT
                0x08002ac6       0x94 build/stm32f1xx_hal_uart.o
 .text.HAL_UART_RxHalfCpltCallback
                0x08002b5a        0x2 build/stm32f1xx_hal_uart.o
                0x08002b5a                HAL_UART_RxHalfCpltCallback
 .text.UART_DMARxHalfCplt
                0x08002b5c        0xa build/stm32f1xx_hal_uart.o
 .text.HAL_UART_ErrorCallback
                0x08002b66        0x2 build/stm32f1xx_hal_uart.o
                0x08002b66                HAL_UART_ErrorCallback
 .text.UART_DMAError
                0x08002b68       0x58 build/stm32f1xx_hal_uart.o
 .text.HAL_UART_IRQHandler
                0x08002bc0      0x128 build/stm32f1xx_hal_uart.o
                0x08002bc0                HAL_UART_IRQHandler
 .text.UART_DMAAbortOnError
                0x08002ce8       0x10 build/stm32f1xx_hal_uart.o
 .text.vListInitialise
                0x08002cf8       0x16 build/list.o
                0x08002cf8                vListInitialise
 .text.vListInitialiseItem
                0x08002d0e        0x6 build/list.o
                0x08002d0e                vListInitialiseItem
 .text.vListInsertEnd
                0x08002d14       0x16 build/list.o
                0x08002d14                vListInsertEnd
 .text.vListInsert
                0x08002d2a       0x32 build/list.o
                0x08002d2a                vListInsert
 .text.uxListRemove
                0x08002d5c       0x26 build/list.o
                0x08002d5c                uxListRemove
 .text.prvGetDisinheritPriorityAfterTimeout
                0x08002d82       0x10 build/queue.o
 .text.prvIsQueueFull
                0x08002d92       0x1e build/queue.o
 .text.prvIsQueueEmpty
                0x08002db0       0x1a build/queue.o
 .text.prvCopyDataToQueue
                0x08002dca       0x76 build/queue.o
 .text.prvCopyDataFromQueue
                0x08002e40       0x24 build/queue.o
 .text.prvUnlockQueue
                0x08002e64       0x6e build/queue.o
 *fill*         0x08002ed2        0x2 
 .text.xQueueGenericReset
                0x08002ed4       0x84 build/queue.o
                0x08002ed4                xQueueGenericReset
 .text.prvInitialiseNewQueue
                0x08002f58       0x22 build/queue.o
 .text.xQueueGenericCreateStatic
                0x08002f7a       0x92 build/queue.o
                0x08002f7a                xQueueGenericCreateStatic
 .text.xQueueGenericCreate
                0x0800300c       0x4e build/queue.o
                0x0800300c                xQueueGenericCreate
 *fill*         0x0800305a        0x2 
 .text.xQueueGenericSend
                0x0800305c      0x180 build/queue.o
                0x0800305c                xQueueGenericSend
 .text.prvInitialiseMutex
                0x080031dc       0x18 build/queue.o
 .text.xQueueCreateMutex
                0x080031f4       0x16 build/queue.o
                0x080031f4                xQueueCreateMutex
 .text.xQueueCreateMutexStatic
                0x0800320a       0x1e build/queue.o
                0x0800320a                xQueueCreateMutexStatic
 .text.xQueueGiveMutexRecursive
                0x08003228       0x40 build/queue.o
                0x08003228                xQueueGiveMutexRecursive
 .text.xQueueGenericSendFromISR
                0x08003268       0xce build/queue.o
                0x08003268                xQueueGenericSendFromISR
 *fill*         0x08003336        0x2 
 .text.xQueueReceive
                0x08003338      0x15c build/queue.o
                0x08003338                xQueueReceive
 .text.xQueueSemaphoreTake
                0x08003494      0x1a4 build/queue.o
                0x08003494                xQueueSemaphoreTake
 .text.xQueueTakeMutexRecursive
                0x08003638       0x44 build/queue.o
                0x08003638                xQueueTakeMutexRecursive
 .text.xQueueReceiveFromISR
                0x0800367c       0xac build/queue.o
                0x0800367c                xQueueReceiveFromISR
 .text.vQueueAddToRegistry
                0x08003728       0x28 build/queue.o
                0x08003728                vQueueAddToRegistry
 .text.vQueueWaitForMessageRestricted
                0x08003750       0x52 build/queue.o
                0x08003750                vQueueWaitForMessageRestricted
 *fill*         0x080037a2        0x2 
 .text.prvResetNextTaskUnblockTime
                0x080037a4       0x2c build/tasks.o
 .text.prvInitialiseNewTask
                0x080037d0       0x90 build/tasks.o
 .text.prvInitialiseTaskLists
                0x08003860       0x68 build/tasks.o
 .text.prvAddNewTaskToReadyList
                0x080038c8       0xac build/tasks.o
 .text.prvDeleteTCB
                0x08003974       0x38 build/tasks.o
 .text.prvCheckTasksWaitingTermination
                0x080039ac       0x4c build/tasks.o
 .text.prvIdleTask
                0x080039f8       0x28 build/tasks.o
 .text.prvAddCurrentTaskToDelayedList
                0x08003a20       0x7c build/tasks.o
 .text.xTaskCreateStatic
                0x08003a9c       0x72 build/tasks.o
                0x08003a9c                xTaskCreateStatic
 .text.xTaskCreate
                0x08003b0e       0x68 build/tasks.o
                0x08003b0e                xTaskCreate
 *fill*         0x08003b76        0x2 
 .text.vTaskDelete
                0x08003b78       0xb8 build/tasks.o
                0x08003b78                vTaskDelete
 .text.vTaskStartScheduler
                0x08003c30       0x94 build/tasks.o
                0x08003c30                vTaskStartScheduler
 .text.vTaskSuspendAll
                0x08003cc4       0x10 build/tasks.o
                0x08003cc4                vTaskSuspendAll
 .text.xTaskGetTickCount
                0x08003cd4        0xc build/tasks.o
                0x08003cd4                xTaskGetTickCount
 .text.xTaskIncrementTick
                0x08003ce0      0x118 build/tasks.o
                0x08003ce0                xTaskIncrementTick
 .text.xTaskResumeAll
                0x08003df8       0xf8 build/tasks.o
                0x08003df8                xTaskResumeAll
 .text.vTaskDelay
                0x08003ef0       0x4c build/tasks.o
                0x08003ef0                vTaskDelay
 .text.vTaskSwitchContext
                0x08003f3c       0x94 build/tasks.o
                0x08003f3c                vTaskSwitchContext
 .text.vTaskPlaceOnEventList
                0x08003fd0       0x30 build/tasks.o
                0x08003fd0                vTaskPlaceOnEventList
 .text.vTaskPlaceOnEventListRestricted
                0x08004000       0x38 build/tasks.o
                0x08004000                vTaskPlaceOnEventListRestricted
 .text.xTaskRemoveFromEventList
                0x08004038       0x8c build/tasks.o
                0x08004038                xTaskRemoveFromEventList
 .text.vTaskInternalSetTimeOutState
                0x080040c4       0x18 build/tasks.o
                0x080040c4                vTaskInternalSetTimeOutState
 .text.xTaskCheckForTimeOut
                0x080040dc       0x84 build/tasks.o
                0x080040dc                xTaskCheckForTimeOut
 .text.vTaskMissedYield
                0x08004160        0xc build/tasks.o
                0x08004160                vTaskMissedYield
 .text.xTaskGetCurrentTaskHandle
                0x0800416c        0xc build/tasks.o
                0x0800416c                xTaskGetCurrentTaskHandle
 .text.xTaskGetSchedulerState
                0x08004178       0x20 build/tasks.o
                0x08004178                xTaskGetSchedulerState
 .text.xTaskPriorityInherit
                0x08004198       0x98 build/tasks.o
                0x08004198                xTaskPriorityInherit
 .text.xTaskPriorityDisinherit
                0x08004230       0x90 build/tasks.o
                0x08004230                xTaskPriorityDisinherit
 .text.vTaskPriorityDisinheritAfterTimeout
                0x080042c0       0xa4 build/tasks.o
                0x080042c0                vTaskPriorityDisinheritAfterTimeout
 .text.pvTaskIncrementMutexHeldCount
                0x08004364       0x1c build/tasks.o
                0x08004364                pvTaskIncrementMutexHeldCount
 .text.prvGetNextExpireTime
                0x08004380       0x20 build/timers.o
 .text.prvInsertTimerInActiveList
                0x080043a0       0x48 build/timers.o
 .text.prvCheckForValidListAndQueue
                0x080043e8       0x70 build/timers.o
 .text.prvInitialiseNewTimer
                0x08004458       0x40 build/timers.o
 .text.xTimerCreateTimerTask
                0x08004498       0x64 build/timers.o
                0x08004498                xTimerCreateTimerTask
 .text.xTimerCreate
                0x080044fc       0x38 build/timers.o
                0x080044fc                xTimerCreate
 .text.xTimerCreateStatic
                0x08004534       0x4c build/timers.o
                0x08004534                xTimerCreateStatic
 .text.xTimerGenericCommand
                0x08004580       0x6c build/timers.o
                0x08004580                xTimerGenericCommand
 .text.prvSwitchTimerLists
                0x080045ec       0x78 build/timers.o
 .text.prvSampleTimeNow
                0x08004664       0x2c build/timers.o
 .text.prvProcessExpiredTimer
                0x08004690       0x60 build/timers.o
 .text.prvProcessTimerOrBlockTask
                0x080046f0       0x74 build/timers.o
 .text.prvProcessReceivedCommands
                0x08004764       0xf8 build/timers.o
 .text.prvTimerTask
                0x0800485c       0x16 build/timers.o
 .text.pvTimerGetTimerID
                0x08004872       0x26 build/timers.o
                0x08004872                pvTimerGetTimerID
 .text.TimerCallback
                0x08004898       0x10 build/cmsis_os2.o
 .text.osKernelInitialize
                0x080048a8       0x44 build/cmsis_os2.o
                0x080048a8                osKernelInitialize
 .text.osKernelStart
                0x080048ec       0x4c build/cmsis_os2.o
                0x080048ec                osKernelStart
 .text.osThreadNew
                0x08004938       0xec build/cmsis_os2.o
                0x08004938                osThreadNew
 .text.osThreadExit
                0x08004a24        0xa build/cmsis_os2.o
                0x08004a24                osThreadExit
 *fill*         0x08004a2e        0x2 
 .text.osDelay  0x08004a30       0x44 build/cmsis_os2.o
                0x08004a30                osDelay
 .text.osTimerNew
                0x08004a74       0xbc build/cmsis_os2.o
                0x08004a74                osTimerNew
 .text.osTimerStart
                0x08004b30       0x5c build/cmsis_os2.o
                0x08004b30                osTimerStart
 .text.osMutexNew
                0x08004b8c       0xbc build/cmsis_os2.o
                0x08004b8c                osMutexNew
 .text.osMutexAcquire
                0x08004c48       0x84 build/cmsis_os2.o
                0x08004c48                osMutexAcquire
 .text.osMutexRelease
                0x08004ccc       0x74 build/cmsis_os2.o
                0x08004ccc                osMutexRelease
 .text.osMessageQueueNew
                0x08004d40       0xbc build/cmsis_os2.o
                0x08004d40                osMessageQueueNew
 .text.osMessageQueuePut
                0x08004dfc       0xa0 build/cmsis_os2.o
                0x08004dfc                osMessageQueuePut
 .text.osMessageQueueGet
                0x08004e9c       0x9c build/cmsis_os2.o
                0x08004e9c                osMessageQueueGet
 .text.vApplicationGetIdleTaskMemory
                0x08004f38       0x18 build/cmsis_os2.o
                0x08004f38                vApplicationGetIdleTaskMemory
 .text.vApplicationGetTimerTaskMemory
                0x08004f50       0x18 build/cmsis_os2.o
                0x08004f50                vApplicationGetTimerTaskMemory
 .text.prvHeapInit
                0x08004f68       0x64 build/heap_4.o
 .text.prvInsertBlockIntoFreeList
                0x08004fcc       0x54 build/heap_4.o
 .text.pvPortMalloc
                0x08005020       0xf0 build/heap_4.o
                0x08005020                pvPortMalloc
 .text.vPortFree
                0x08005110       0x70 build/heap_4.o
                0x08005110                vPortFree
 .text.prvTaskExitError
                0x08005180       0x40 build/port.o
 .text.prvPortStartFirstTask
                0x080051c0       0x20 build/port.o
 .text.pxPortInitialiseStack
                0x080051e0       0x24 build/port.o
                0x080051e0                pxPortInitialiseStack
 *fill*         0x08005204        0xc 
 .text.SVC_Handler
                0x08005210       0x24 build/port.o
                0x08005210                SVC_Handler
 .text.vPortEnterCritical
                0x08005234       0x44 build/port.o
                0x08005234                vPortEnterCritical
 .text.vPortExitCritical
                0x08005278       0x2c build/port.o
                0x08005278                vPortExitCritical
 *fill*         0x080052a4        0xc 
 .text.PendSV_Handler
                0x080052b0       0x44 build/port.o
                0x080052b0                PendSV_Handler
 .text.SysTick_Handler
                0x080052f4       0x2c build/port.o
                0x080052f4                SysTick_Handler
 .text.vPortSetupTimerInterrupt
                0x08005320       0x38 build/port.o
                0x08005320                vPortSetupTimerInterrupt
 .text.xPortStartScheduler
                0x08005358       0xb8 build/port.o
                0x08005358                xPortStartScheduler
 .text.vPortValidateInterruptPriority
                0x08005410       0x5c build/port.o
                0x08005410                vPortValidateInterruptPriority
 .text.HAL_CAN_Init
                0x0800546c      0x14c build/stm32f1xx_hal_can.o
                0x0800546c                HAL_CAN_Init
 .text.HAL_CAN_ConfigFilter
                0x080055b8       0xfe build/stm32f1xx_hal_can.o
                0x080055b8                HAL_CAN_ConfigFilter
 .text.HAL_CAN_Start
                0x080056b6       0x5c build/stm32f1xx_hal_can.o
                0x080056b6                HAL_CAN_Start
 .text.HAL_CAN_AddTxMessage
                0x08005712       0xec build/stm32f1xx_hal_can.o
                0x08005712                HAL_CAN_AddTxMessage
 .text.HAL_CAN_GetTxMailboxesFreeLevel
                0x080057fe       0x32 build/stm32f1xx_hal_can.o
                0x080057fe                HAL_CAN_GetTxMailboxesFreeLevel
 .text.HAL_CAN_GetRxMessage
                0x08005830      0x140 build/stm32f1xx_hal_can.o
                0x08005830                HAL_CAN_GetRxMessage
 .text.HAL_CAN_ActivateNotification
                0x08005970       0x24 build/stm32f1xx_hal_can.o
                0x08005970                HAL_CAN_ActivateNotification
 .text.HAL_CAN_TxMailbox0CompleteCallback
                0x08005994        0x2 build/stm32f1xx_hal_can.o
                0x08005994                HAL_CAN_TxMailbox0CompleteCallback
 .text.HAL_CAN_TxMailbox1CompleteCallback
                0x08005996        0x2 build/stm32f1xx_hal_can.o
                0x08005996                HAL_CAN_TxMailbox1CompleteCallback
 .text.HAL_CAN_TxMailbox2CompleteCallback
                0x08005998        0x2 build/stm32f1xx_hal_can.o
                0x08005998                HAL_CAN_TxMailbox2CompleteCallback
 .text.HAL_CAN_TxMailbox0AbortCallback
                0x0800599a        0x2 build/stm32f1xx_hal_can.o
                0x0800599a                HAL_CAN_TxMailbox0AbortCallback
 .text.HAL_CAN_TxMailbox1AbortCallback
                0x0800599c        0x2 build/stm32f1xx_hal_can.o
                0x0800599c                HAL_CAN_TxMailbox1AbortCallback
 .text.HAL_CAN_TxMailbox2AbortCallback
                0x0800599e        0x2 build/stm32f1xx_hal_can.o
                0x0800599e                HAL_CAN_TxMailbox2AbortCallback
 .text.HAL_CAN_RxFifo0FullCallback
                0x080059a0        0x2 build/stm32f1xx_hal_can.o
                0x080059a0                HAL_CAN_RxFifo0FullCallback
 .text.HAL_CAN_RxFifo1MsgPendingCallback
                0x080059a2        0x2 build/stm32f1xx_hal_can.o
                0x080059a2                HAL_CAN_RxFifo1MsgPendingCallback
 .text.HAL_CAN_RxFifo1FullCallback
                0x080059a4        0x2 build/stm32f1xx_hal_can.o
                0x080059a4                HAL_CAN_RxFifo1FullCallback
 .text.HAL_CAN_SleepCallback
                0x080059a6        0x2 build/stm32f1xx_hal_can.o
                0x080059a6                HAL_CAN_SleepCallback
 .text.HAL_CAN_WakeUpFromRxMsgCallback
                0x080059a8        0x2 build/stm32f1xx_hal_can.o
                0x080059a8                HAL_CAN_WakeUpFromRxMsgCallback
 .text.HAL_CAN_ErrorCallback
                0x080059aa        0x2 build/stm32f1xx_hal_can.o
                0x080059aa                HAL_CAN_ErrorCallback
 .text.HAL_CAN_IRQHandler
                0x080059ac      0x24a build/stm32f1xx_hal_can.o
                0x080059ac                HAL_CAN_IRQHandler
 *fill*         0x08005bf6        0x2 
 .text._ZN20defaultTaskNamespace11defaultTaskEPv
                0x08005bf8       0x64 build/defaultTask.o
                0x08005bf8                defaultTaskNamespace::defaultTask(void*)
 .text._ZN20defaultTaskNamespace28systemPilotLampTimerCallbackEPv
                0x08005c5c       0x10 build/defaultTask.o
                0x08005c5c                defaultTaskNamespace::systemPilotLampTimerCallback(void*)
 .text.defaultTaskStart
                0x08005c6c       0x18 build/defaultTask.o
                0x08005c6c                defaultTaskStart
 .text._ZN5xiagb5upper16cliTaskNamespace25getMasterCommandAndputCliEPvS2_
                0x08005c84       0x6c build/cliTask.o
                0x08005c84                xiagb::upper::cliTaskNamespace::getMasterCommandAndputCli(void*, void*)
 .text._ZN5xiagb5upper16cliTaskNamespace24getSalveCommandAndputCliEPvPS2_
                0x08005cf0       0x88 build/cliTask.o
                0x08005cf0                xiagb::upper::cliTaskNamespace::getSalveCommandAndputCli(void*, void**)
 .text._ZN5xiagb5upper16cliTaskNamespace7cliTaskEPv
                0x08005d78      0x110 build/cliTask.o
                0x08005d78                xiagb::upper::cliTaskNamespace::cliTask(void*)
 .text.uart1IrqCallback
                0x08005e88       0x10 build/cliTask.o
                0x08005e88                uart1IrqCallback
 .text.HAL_UART_RxCpltCallback
                0x08005e98       0x1c build/cliTask.o
                0x08005e98                HAL_UART_RxCpltCallback
 .text.HAL_CAN_RxFifo0MsgPendingCallback
                0x08005eb4       0x10 build/cliTask.o
                0x08005eb4                HAL_CAN_RxFifo0MsgPendingCallback
 .text._ZN5xiagb5upper16cliTaskNamespace12cliTaskStartEv
                0x08005ec4       0x18 build/cliTask.o
                0x08005ec4                xiagb::upper::cliTaskNamespace::cliTaskStart()
 .text._ZN5xiagb5upper20machineTaskNamespace12machineTask1EPv
                0x08005edc       0x60 build/machineTask.o
                0x08005edc                xiagb::upper::machineTaskNamespace::machineTask1(void*)
 .text._ZN5xiagb5upper20machineTaskNamespace16machineTaskStartEv
                0x08005f3c       0x18 build/machineTask.o
                0x08005f3c                xiagb::upper::machineTaskNamespace::machineTaskStart()
 .text._ZN5xiagb5upper20machineTaskNamespace17machineTask1StartEv
                0x08005f54       0x18 build/machineTask.o
                0x08005f54                xiagb::upper::machineTaskNamespace::machineTask1Start()
 .text._ZN5xiagb5upper20machineTaskNamespace13slaveFeedbackEhhhl
                0x08005f6c       0x70 build/machineTask.o
                0x08005f6c                xiagb::upper::machineTaskNamespace::slaveFeedback(unsigned char, unsigned char, unsigned char, long)
 .text._ZN5xiagb5upper20machineTaskNamespace11machineTaskEPv
                0x08005fdc       0x8c build/machineTask.o
                0x08005fdc                xiagb::upper::machineTaskNamespace::machineTask(void*)
 .text._Znwj    0x08006068        0x8 build/platform.o
                0x08006068                operator new(unsigned int)
 .text._ZdlPv   0x08006070        0x8 build/platform.o
                0x08006070                operator delete(void*)
 .text._ZN5xiagb18pilotLampNamespace12ledNamespace8ledClassC2Ev
                0x08006078        0x2 build/led.o
                0x08006078                xiagb::pilotLampNamespace::ledNamespace::ledClass::ledClass()
                0x08006078                xiagb::pilotLampNamespace::ledNamespace::ledClass::ledClass()
 .text._ZN5xiagb18pilotLampNamespace12ledNamespace8ledClass4initEP12GPIO_TypeDeftbb
                0x0800607a       0x24 build/led.o
                0x0800607a                xiagb::pilotLampNamespace::ledNamespace::ledClass::init(GPIO_TypeDef*, unsigned short, bool, bool)
 .text._ZN5xiagb18pilotLampNamespace12ledNamespace8ledClass6toggleEv
                0x0800609e        0xc build/led.o
                0x0800609e                xiagb::pilotLampNamespace::ledNamespace::ledClass::toggle()
 .text._ZN5xiagb22communicationNamespace13uartNamespace9uartClassC2Ev
                0x080060aa       0x10 build/uart.o
                0x080060aa                xiagb::communicationNamespace::uartNamespace::uartClass::uartClass()
                0x080060aa                xiagb::communicationNamespace::uartNamespace::uartClass::uartClass()
 .text._ZN5xiagb22communicationNamespace13uartNamespace9uartClass4initEP13USART_TypeDefmP20__UART_HandleTypeDefP19__DMA_HandleTypeDefS8_
                0x080060ba       0x78 build/uart.o
                0x080060ba                xiagb::communicationNamespace::uartNamespace::uartClass::init(USART_TypeDef*, unsigned long, __UART_HandleTypeDef*, __DMA_HandleTypeDef*, __DMA_HandleTypeDef*)
 .text._ZN5xiagb22communicationNamespace13uartNamespace9uartClass4sendEPht
                0x08006132       0x42 build/uart.o
                0x08006132                xiagb::communicationNamespace::uartNamespace::uartClass::send(unsigned char*, unsigned short)
 .text._ZN5xiagb22communicationNamespace13uartNamespace9uartClass12idleCallbackEv
                0x08006174       0x98 build/uart.o
                0x08006174                xiagb::communicationNamespace::uartNamespace::uartClass::idleCallback()
 .text._ZN5xiagb22communicationNamespace13uartNamespace9uartClass18rxCompleteCallbackEv
                0x0800620c       0x38 build/uart.o
                0x0800620c                xiagb::communicationNamespace::uartNamespace::uartClass::rxCompleteCallback()
 .text._ZN5xiagb22communicationNamespace12canNamespace8canClassC2Ev
                0x08006244        0x8 build/can.o
                0x08006244                xiagb::communicationNamespace::canNamespace::canClass::canClass()
                0x08006244                xiagb::communicationNamespace::canNamespace::canClass::canClass()
 .text._ZN5xiagb22communicationNamespace12canNamespace8canClass4initEP11CAN_TypeDefhP19__CAN_HandleTypeDef
                0x0800624c       0xa0 build/can.o
                0x0800624c                xiagb::communicationNamespace::canNamespace::canClass::init(CAN_TypeDef*, unsigned char, __CAN_HandleTypeDef*)
 .text._ZN5xiagb22communicationNamespace12canNamespace8canClass4sendEPhh
                0x080062ec       0x3c build/can.o
                0x080062ec                xiagb::communicationNamespace::canNamespace::canClass::send(unsigned char*, unsigned char)
 .text._ZN5xiagb22communicationNamespace12canNamespace8canClass10echoPrintfEhPKcz
                0x08006328       0x9c build/can.o
                0x08006328                xiagb::communicationNamespace::canNamespace::canClass::echoPrintf(unsigned char, char const*, ...)
 .text._ZN5xiagb22communicationNamespace12canNamespace8canClass15receiveCallbackEv
                0x080063c4       0x6a build/can.o
                0x080063c4                xiagb::communicationNamespace::canNamespace::canClass::receiveCallback()
 *fill*         0x0800642e        0x2 
 .text._ZN5xiagb15parserNamespace12cliNamespace14prvHelpCommandEPcjPKc
                0x08006430       0x34 build/cli.o
                0x08006430                xiagb::parserNamespace::cliNamespace::prvHelpCommand(char*, unsigned int, char const*)
 .text._ZN5xiagb15parserNamespace12cliNamespace8cliClassC2Ev
                0x08006464       0x18 build/cli.o
                0x08006464                xiagb::parserNamespace::cliNamespace::cliClass::cliClass()
                0x08006464                xiagb::parserNamespace::cliNamespace::cliClass::cliClass()
 .text._ZN5xiagb15parserNamespace12cliNamespace8cliClass10outputCharEh
                0x0800647c       0x26 build/cli.o
                0x0800647c                xiagb::parserNamespace::cliNamespace::cliClass::outputChar(unsigned char)
 .text._ZN5xiagb15parserNamespace12cliNamespace8cliClass9outputStrEPh
                0x080064a2       0x22 build/cli.o
                0x080064a2                xiagb::parserNamespace::cliNamespace::cliClass::outputStr(unsigned char*)
 .text._ZN5xiagb15parserNamespace12cliNamespace8cliClass7getCharEPh
                0x080064c4        0xe build/cli.o
                0x080064c4                xiagb::parserNamespace::cliNamespace::cliClass::getChar(unsigned char*)
 .text._ZN5xiagb15parserNamespace12cliNamespace8cliClass7setCharEPh
                0x080064d2       0x10 build/cli.o
                0x080064d2                xiagb::parserNamespace::cliNamespace::cliClass::setChar(unsigned char*)
 *fill*         0x080064e2        0x2 
 .text._ZN5xiagb15parserNamespace12cliNamespace8cliClass12setEchoQueueEPv
                0x080064e4        0xc build/cli.o
                0x080064e4                xiagb::parserNamespace::cliNamespace::cliClass::setEchoQueue(void*)
 .text._ZN5xiagb15parserNamespace12cliNamespace8cliClass15receiveQueueStrEPv
                0x080064f0       0x28 build/cli.o
                0x080064f0                xiagb::parserNamespace::cliNamespace::cliClass::receiveQueueStr(void*)
 .text._ZN5xiagb15parserNamespace12cliNamespace27FreeRTOS_CLIRegisterCommandEPKNS1_3cmdE
                0x08006518       0x54 build/cli.o
                0x08006518                xiagb::parserNamespace::cliNamespace::FreeRTOS_CLIRegisterCommand(xiagb::parserNamespace::cliNamespace::cmd const*)
 .text._ZN5xiagb15parserNamespace12cliNamespace24FreeRTOS_CLIGetParameterEPKcmPl
                0x0800656c       0x52 build/cli.o
                0x0800656c                xiagb::parserNamespace::cliNamespace::FreeRTOS_CLIGetParameter(char const*, unsigned long, long*)
 *fill*         0x080065be        0x2 
 .text._ZN5xiagb15parserNamespace12cliNamespace23prvParameterEchoCommandEPcjPKc
                0x080065c0      0x118 build/cli.o
                0x080065c0                xiagb::parserNamespace::cliNamespace::prvParameterEchoCommand(char*, unsigned int, char const*)
 .text._ZN5xiagb15parserNamespace12cliNamespace24prvGetNumberOfParametersEPKc
                0x080066d8       0x28 build/cli.o
                0x080066d8                xiagb::parserNamespace::cliNamespace::prvGetNumberOfParameters(char const*)
 .text._ZN5xiagb15parserNamespace12cliNamespace26FreeRTOS_CLIProcessCommandEPKcPcjPKNS1_8cmd_listE
                0x08006700       0xa0 build/cli.o
                0x08006700                xiagb::parserNamespace::cliNamespace::FreeRTOS_CLIProcessCommand(char const*, char*, unsigned int, xiagb::parserNamespace::cliNamespace::cmd_list const*)
 .text._ZN5xiagb15parserNamespace12cliNamespace8cliClass4loopEv
                0x080067a0       0xc4 build/cli.o
                0x080067a0                xiagb::parserNamespace::cliNamespace::cliClass::loop()
 .text._ZN5xiagb15parserNamespace12cliNamespace8cliClass26vRegisterSampleCLICommandsEv
                0x08006864       0x20 build/cli.o
                0x08006864                xiagb::parserNamespace::cliNamespace::cliClass::vRegisterSampleCLICommands()
 .text._ZN5xiagb15parserNamespace12cliNamespace8cliClass4initEPNS_22communicationNamespace13uartNamespace9uartClassE
                0x08006884       0x58 build/cli.o
                0x08006884                xiagb::parserNamespace::cliNamespace::cliClass::init(xiagb::communicationNamespace::uartNamespace::uartClass*)
 .text._ZN5xiagb14motorNamespace21canStepMotorNamespace17canStepMotorClassC2Ev
                0x080068dc        0x2 build/canStepMotor.o
                0x080068dc                xiagb::motorNamespace::canStepMotorNamespace::canStepMotorClass::canStepMotorClass()
                0x080068dc                xiagb::motorNamespace::canStepMotorNamespace::canStepMotorClass::canStepMotorClass()
 *fill*         0x080068de        0x2 
 .text._ZN5xiagb14motorNamespace21canStepMotorNamespace17canStepMotorClass4initEPNS_22communicationNamespace12canNamespace8canClassEhhbbhh
                0x080068e0       0x50 build/canStepMotor.o
                0x080068e0                xiagb::motorNamespace::canStepMotorNamespace::canStepMotorClass::init(xiagb::communicationNamespace::canNamespace::canClass*, unsigned char, unsigned char, bool, bool, unsigned char, unsigned char)
 .text._ZN5xiagb14motorNamespace21canStepMotorNamespace17canStepMotorClass5resetEtt
                0x08006930       0x30 build/canStepMotor.o
                0x08006930                xiagb::motorNamespace::canStepMotorNamespace::canStepMotorClass::reset(unsigned short, unsigned short)
 .text._ZN5xiagb14motorNamespace21canStepMotorNamespace17canStepMotorClass12waitMoveStopEv
                0x08006960       0x12 build/canStepMotor.o
                0x08006960                xiagb::motorNamespace::canStepMotorNamespace::canStepMotorClass::waitMoveStop()
 *fill*         0x08006972        0x2 
 .text.Reset_Handler
                0x08006974       0x48 build/startup_stm32f103xb.o
                0x08006974                Reset_Handler
 .text.Default_Handler
                0x080069bc        0x2 build/startup_stm32f103xb.o
                0x080069bc                RTC_Alarm_IRQHandler
                0x080069bc                EXTI2_IRQHandler
                0x080069bc                TIM1_CC_IRQHandler
                0x080069bc                PVD_IRQHandler
                0x080069bc                EXTI3_IRQHandler
                0x080069bc                EXTI0_IRQHandler
                0x080069bc                I2C2_EV_IRQHandler
                0x080069bc                ADC1_2_IRQHandler
                0x080069bc                SPI1_IRQHandler
                0x080069bc                TAMPER_IRQHandler
                0x080069bc                RTC_IRQHandler
                0x080069bc                CAN1_RX1_IRQHandler
                0x080069bc                TIM4_IRQHandler
                0x080069bc                I2C1_EV_IRQHandler
                0x080069bc                TIM3_IRQHandler
                0x080069bc                RCC_IRQHandler
                0x080069bc                TIM1_TRG_COM_IRQHandler
                0x080069bc                DMA1_Channel1_IRQHandler
                0x080069bc                Default_Handler
                0x080069bc                EXTI15_10_IRQHandler
                0x080069bc                EXTI9_5_IRQHandler
                0x080069bc                SPI2_IRQHandler
                0x080069bc                EXTI4_IRQHandler
                0x080069bc                USB_HP_CAN1_TX_IRQHandler
                0x080069bc                WWDG_IRQHandler
                0x080069bc                TIM2_IRQHandler
                0x080069bc                TIM1_BRK_IRQHandler
                0x080069bc                EXTI1_IRQHandler
                0x080069bc                I2C2_ER_IRQHandler
                0x080069bc                CAN1_SCE_IRQHandler
                0x080069bc                FLASH_IRQHandler
                0x080069bc                I2C1_ER_IRQHandler
                0x080069bc                USBWakeUp_IRQHandler
 .text._ZdlPvj  0x080069be        0x4 d:/zkrj/gnu arm embedded toolchain/9 2020-q2-update/bin/../lib/gcc/arm-none-eabi/9.3.1/../../../../arm-none-eabi/lib/thumb/v7-m/nofp\libstdc++_nano.a(del_ops.o)
                0x080069be                operator delete(void*, unsigned int)
 .text.__cxa_end_cleanup
                0x080069c2        0xc d:/zkrj/gnu arm embedded toolchain/9 2020-q2-update/bin/../lib/gcc/arm-none-eabi/9.3.1/../../../../arm-none-eabi/lib/thumb/v7-m/nofp\libstdc++_nano.a(eh_arm.o)
                0x080069c2                __cxa_end_cleanup
 .text._ZN10__cxxabiv1L24__is_gxx_exception_classEPc
                0x080069ce       0x3a d:/zkrj/gnu arm embedded toolchain/9 2020-q2-update/bin/../lib/gcc/arm-none-eabi/9.3.1/../../../../arm-none-eabi/lib/thumb/v7-m/nofp\libstdc++_nano.a(eh_arm.o)
 .text.__cxa_type_match
                0x08006a08       0xbc d:/zkrj/gnu arm embedded toolchain/9 2020-q2-update/bin/../lib/gcc/arm-none-eabi/9.3.1/../../../../arm-none-eabi/lib/thumb/v7-m/nofp\libstdc++_nano.a(eh_arm.o)
                0x08006a08                __cxa_type_match
 .text.__cxa_begin_cleanup
                0x08006ac4       0x3a d:/zkrj/gnu arm embedded toolchain/9 2020-q2-update/bin/../lib/gcc/arm-none-eabi/9.3.1/../../../../arm-none-eabi/lib/thumb/v7-m/nofp\libstdc++_nano.a(eh_arm.o)
                0x08006ac4                __cxa_begin_cleanup
 .text.__gnu_end_cleanup
                0x08006afe       0x32 d:/zkrj/gnu arm embedded toolchain/9 2020-q2-update/bin/../lib/gcc/arm-none-eabi/9.3.1/../../../../arm-none-eabi/lib/thumb/v7-m/nofp\libstdc++_nano.a(eh_arm.o)
                0x08006afe                __gnu_end_cleanup
 .text.__cxa_get_globals
                0x08006b30        0x8 d:/zkrj/gnu arm embedded toolchain/9 2020-q2-update/bin/../lib/gcc/arm-none-eabi/9.3.1/../../../../arm-none-eabi/lib/thumb/v7-m/nofp\libstdc++_nano.a(eh_globals.o)
                0x08006b30                __cxa_get_globals
 .text._ZL12read_uleb128PKhPm
                0x08006b38       0x1e d:/zkrj/gnu arm embedded toolchain/9 2020-q2-update/bin/../lib/gcc/arm-none-eabi/9.3.1/../../../../arm-none-eabi/lib/thumb/v7-m/nofp\libstdc++_nano.a(eh_personality.o)
 .text._ZL12read_sleb128PKhPl
                0x08006b56       0x30 d:/zkrj/gnu arm embedded toolchain/9 2020-q2-update/bin/../lib/gcc/arm-none-eabi/9.3.1/../../../../arm-none-eabi/lib/thumb/v7-m/nofp\libstdc++_nano.a(eh_personality.o)
 .text._ZL28read_encoded_value_with_basehjPKhPj
                0x08006b86       0x8c d:/zkrj/gnu arm embedded toolchain/9 2020-q2-update/bin/../lib/gcc/arm-none-eabi/9.3.1/../../../../arm-none-eabi/lib/thumb/v7-m/nofp\libstdc++_nano.a(eh_personality.o)
 .text._ZL21base_of_encoded_valuehP15_Unwind_Context
                0x08006c12       0x48 d:/zkrj/gnu arm embedded toolchain/9 2020-q2-update/bin/../lib/gcc/arm-none-eabi/9.3.1/../../../../arm-none-eabi/lib/thumb/v7-m/nofp\libstdc++_nano.a(eh_personality.o)
 .text._ZL18read_encoded_valueP15_Unwind_ContexthPKhPj
                0x08006c5a       0x20 d:/zkrj/gnu arm embedded toolchain/9 2020-q2-update/bin/../lib/gcc/arm-none-eabi/9.3.1/../../../../arm-none-eabi/lib/thumb/v7-m/nofp\libstdc++_nano.a(eh_personality.o)
 .text._ZL17parse_lsda_headerP15_Unwind_ContextPKhP16lsda_header_info
                0x08006c7a       0x62 d:/zkrj/gnu arm embedded toolchain/9 2020-q2-update/bin/../lib/gcc/arm-none-eabi/9.3.1/../../../../arm-none-eabi/lib/thumb/v7-m/nofp\libstdc++_nano.a(eh_personality.o)
 .text._Unwind_GetGR
                0x08006cdc       0x18 d:/zkrj/gnu arm embedded toolchain/9 2020-q2-update/bin/../lib/gcc/arm-none-eabi/9.3.1/../../../../arm-none-eabi/lib/thumb/v7-m/nofp\libstdc++_nano.a(eh_personality.o)
 .text.__gxx_personality_v0
                0x08006cf4      0x344 d:/zkrj/gnu arm embedded toolchain/9 2020-q2-update/bin/../lib/gcc/arm-none-eabi/9.3.1/../../../../arm-none-eabi/lib/thumb/v7-m/nofp\libstdc++_nano.a(eh_personality.o)
                0x08006cf4                __gxx_personality_v0
 .text._ZN10__cxxabiv111__terminateEPFvvE
                0x08007038        0x8 d:/zkrj/gnu arm embedded toolchain/9 2020-q2-update/bin/../lib/gcc/arm-none-eabi/9.3.1/../../../../arm-none-eabi/lib/thumb/v7-m/nofp\libstdc++_nano.a(eh_terminate.o)
                0x08007038                __cxxabiv1::__terminate(void (*)())
 .text._ZSt13get_terminatev
                0x08007040       0x10 d:/zkrj/gnu arm embedded toolchain/9 2020-q2-update/bin/../lib/gcc/arm-none-eabi/9.3.1/../../../../arm-none-eabi/lib/thumb/v7-m/nofp\libstdc++_nano.a(eh_terminate.o)
                0x08007040                std::get_terminate()
 .text._ZSt9terminatev
                0x08007050        0xa d:/zkrj/gnu arm embedded toolchain/9 2020-q2-update/bin/../lib/gcc/arm-none-eabi/9.3.1/../../../../arm-none-eabi/lib/thumb/v7-m/nofp\libstdc++_nano.a(eh_terminate.o)
                0x08007050                std::terminate()
 .text._ZN10__cxxabiv112__unexpectedEPFvvE
                0x0800705a        0x8 d:/zkrj/gnu arm embedded toolchain/9 2020-q2-update/bin/../lib/gcc/arm-none-eabi/9.3.1/../../../../arm-none-eabi/lib/thumb/v7-m/nofp\libstdc++_nano.a(eh_terminate.o)
                0x0800705a                __cxxabiv1::__unexpected(void (*)())
 *fill*         0x08007062        0x2 
 .text._ZSt14get_unexpectedv
                0x08007064       0x10 d:/zkrj/gnu arm embedded toolchain/9 2020-q2-update/bin/../lib/gcc/arm-none-eabi/9.3.1/../../../../arm-none-eabi/lib/thumb/v7-m/nofp\libstdc++_nano.a(eh_terminate.o)
                0x08007064                std::get_unexpected()
 .text._ZSt10unexpectedv
                0x08007074        0xa d:/zkrj/gnu arm embedded toolchain/9 2020-q2-update/bin/../lib/gcc/arm-none-eabi/9.3.1/../../../../arm-none-eabi/lib/thumb/v7-m/nofp\libstdc++_nano.a(eh_terminate.o)
                0x08007074                std::unexpected()
 .text._Znaj    0x0800707e        0x4 d:/zkrj/gnu arm embedded toolchain/9 2020-q2-update/bin/../lib/gcc/arm-none-eabi/9.3.1/../../../../arm-none-eabi/lib/thumb/v7-m/nofp\libstdc++_nano.a(new_opv.o)
                0x0800707e                operator new[](unsigned int)
 *fill*         0x08007082        0x2 
 .text._ZN10__cxxabiv120__si_class_type_infoD2Ev
                0x08007084       0x14 d:/zkrj/gnu arm embedded toolchain/9 2020-q2-update/bin/../lib/gcc/arm-none-eabi/9.3.1/../../../../arm-none-eabi/lib/thumb/v7-m/nofp\libstdc++_nano.a(si_class_type_info.o)
                0x08007084                __cxxabiv1::__si_class_type_info::~__si_class_type_info()
                0x08007084                __cxxabiv1::__si_class_type_info::~__si_class_type_info()
 .text._ZN10__cxxabiv120__si_class_type_infoD0Ev
                0x08007098       0x14 d:/zkrj/gnu arm embedded toolchain/9 2020-q2-update/bin/../lib/gcc/arm-none-eabi/9.3.1/../../../../arm-none-eabi/lib/thumb/v7-m/nofp\libstdc++_nano.a(si_class_type_info.o)
                0x08007098                __cxxabiv1::__si_class_type_info::~__si_class_type_info()
 .text._ZNK10__cxxabiv120__si_class_type_info20__do_find_public_srcEiPKvPKNS_17__class_type_infoES2_
                0x080070ac       0x3c d:/zkrj/gnu arm embedded toolchain/9 2020-q2-update/bin/../lib/gcc/arm-none-eabi/9.3.1/../../../../arm-none-eabi/lib/thumb/v7-m/nofp\libstdc++_nano.a(si_class_type_info.o)
                0x080070ac                __cxxabiv1::__si_class_type_info::__do_find_public_src(int, void const*, __cxxabiv1::__class_type_info const*, void const*) const
 .text._ZNK10__cxxabiv120__si_class_type_info12__do_dyncastEiNS_17__class_type_info10__sub_kindEPKS1_PKvS4_S6_RNS1_16__dyncast_resultE
                0x080070e8       0x74 d:/zkrj/gnu arm embedded toolchain/9 2020-q2-update/bin/../lib/gcc/arm-none-eabi/9.3.1/../../../../arm-none-eabi/lib/thumb/v7-m/nofp\libstdc++_nano.a(si_class_type_info.o)
                0x080070e8                __cxxabiv1::__si_class_type_info::__do_dyncast(int, __cxxabiv1::__class_type_info::__sub_kind, __cxxabiv1::__class_type_info const*, void const*, __cxxabiv1::__class_type_info const*, void const*, __cxxabiv1::__class_type_info::__dyncast_result&) const
 .text._ZNK10__cxxabiv120__si_class_type_info11__do_upcastEPKNS_17__class_type_infoEPKvRNS1_15__upcast_resultE
                0x0800715c       0x2a d:/zkrj/gnu arm embedded toolchain/9 2020-q2-update/bin/../lib/gcc/arm-none-eabi/9.3.1/../../../../arm-none-eabi/lib/thumb/v7-m/nofp\libstdc++_nano.a(si_class_type_info.o)
                0x0800715c                __cxxabiv1::__si_class_type_info::__do_upcast(__cxxabiv1::__class_type_info const*, void const*, __cxxabiv1::__class_type_info::__upcast_result&) const
 .text._ZNSt9type_infoD2Ev
                0x08007186        0x2 d:/zkrj/gnu arm embedded toolchain/9 2020-q2-update/bin/../lib/gcc/arm-none-eabi/9.3.1/../../../../arm-none-eabi/lib/thumb/v7-m/nofp\libstdc++_nano.a(tinfo.o)
                0x08007186                std::type_info::~type_info()
                0x08007186                std::type_info::~type_info()
 .text._ZNKSt9type_info14__is_pointer_pEv
                0x08007188        0x4 d:/zkrj/gnu arm embedded toolchain/9 2020-q2-update/bin/../lib/gcc/arm-none-eabi/9.3.1/../../../../arm-none-eabi/lib/thumb/v7-m/nofp\libstdc++_nano.a(tinfo.o)
                0x08007188                std::type_info::__is_pointer_p() const
                0x08007188                std::type_info::__is_function_p() const
 .text._ZNKSt9type_infoeqERKS_
                0x0800718c       0x2c d:/zkrj/gnu arm embedded toolchain/9 2020-q2-update/bin/../lib/gcc/arm-none-eabi/9.3.1/../../../../arm-none-eabi/lib/thumb/v7-m/nofp\libstdc++_nano.a(tinfo.o)
                0x0800718c                std::type_info::operator==(std::type_info const&) const
 .text._ZNK10__cxxabiv117__class_type_info11__do_upcastEPKS0_PPv
                0x080071b8       0x34 d:/zkrj/gnu arm embedded toolchain/9 2020-q2-update/bin/../lib/gcc/arm-none-eabi/9.3.1/../../../../arm-none-eabi/lib/thumb/v7-m/nofp\libstdc++_nano.a(class_type_info.o)
                0x080071b8                __cxxabiv1::__class_type_info::__do_upcast(__cxxabiv1::__class_type_info const*, void**) const
 .text._ZNK10__cxxabiv117__class_type_info20__do_find_public_srcEiPKvPKS0_S2_
                0x080071ec        0xc d:/zkrj/gnu arm embedded toolchain/9 2020-q2-update/bin/../lib/gcc/arm-none-eabi/9.3.1/../../../../arm-none-eabi/lib/thumb/v7-m/nofp\libstdc++_nano.a(class_type_info.o)
                0x080071ec                __cxxabiv1::__class_type_info::__do_find_public_src(int, void const*, __cxxabiv1::__class_type_info const*, void const*) const
 .text._ZN10__cxxabiv117__class_type_infoD2Ev
                0x080071f8       0x14 d:/zkrj/gnu arm embedded toolchain/9 2020-q2-update/bin/../lib/gcc/arm-none-eabi/9.3.1/../../../../arm-none-eabi/lib/thumb/v7-m/nofp\libstdc++_nano.a(class_type_info.o)
                0x080071f8                __cxxabiv1::__class_type_info::~__class_type_info()
                0x080071f8                __cxxabiv1::__class_type_info::~__class_type_info()
 .text._ZN10__cxxabiv117__class_type_infoD0Ev
                0x0800720c       0x14 d:/zkrj/gnu arm embedded toolchain/9 2020-q2-update/bin/../lib/gcc/arm-none-eabi/9.3.1/../../../../arm-none-eabi/lib/thumb/v7-m/nofp\libstdc++_nano.a(class_type_info.o)
                0x0800720c                __cxxabiv1::__class_type_info::~__class_type_info()
 .text._ZNK10__cxxabiv117__class_type_info12__do_dyncastEiNS0_10__sub_kindEPKS0_PKvS3_S5_RNS0_16__dyncast_resultE
                0x08007220       0x3e d:/zkrj/gnu arm embedded toolchain/9 2020-q2-update/bin/../lib/gcc/arm-none-eabi/9.3.1/../../../../arm-none-eabi/lib/thumb/v7-m/nofp\libstdc++_nano.a(class_type_info.o)
                0x08007220                __cxxabiv1::__class_type_info::__do_dyncast(int, __cxxabiv1::__class_type_info::__sub_kind, __cxxabiv1::__class_type_info const*, void const*, __cxxabiv1::__class_type_info const*, void const*, __cxxabiv1::__class_type_info::__dyncast_result&) const
 .text._ZNK10__cxxabiv117__class_type_info11__do_upcastEPKS0_PKvRNS0_15__upcast_resultE
                0x0800725e       0x18 d:/zkrj/gnu arm embedded toolchain/9 2020-q2-update/bin/../lib/gcc/arm-none-eabi/9.3.1/../../../../arm-none-eabi/lib/thumb/v7-m/nofp\libstdc++_nano.a(class_type_info.o)
                0x0800725e                __cxxabiv1::__class_type_info::__do_upcast(__cxxabiv1::__class_type_info const*, void const*, __cxxabiv1::__class_type_info::__upcast_result&) const
 .text._ZNK10__cxxabiv117__class_type_info10__do_catchEPKSt9type_infoPPvj
                0x08007276       0x2a d:/zkrj/gnu arm embedded toolchain/9 2020-q2-update/bin/../lib/gcc/arm-none-eabi/9.3.1/../../../../arm-none-eabi/lib/thumb/v7-m/nofp\libstdc++_nano.a(class_type_info.o)
                0x08007276                __cxxabiv1::__class_type_info::__do_catch(std::type_info const*, void**, unsigned int) const
 .text._ZN10__cxxabiv1L24__is_gxx_exception_classEPc
                0x080072a0       0x3a d:/zkrj/gnu arm embedded toolchain/9 2020-q2-update/bin/../lib/gcc/arm-none-eabi/9.3.1/../../../../arm-none-eabi/lib/thumb/v7-m/nofp\libstdc++_nano.a(eh_call.o)
 .text.__cxa_call_terminate
                0x080072da       0x1e d:/zkrj/gnu arm embedded toolchain/9 2020-q2-update/bin/../lib/gcc/arm-none-eabi/9.3.1/../../../../arm-none-eabi/lib/thumb/v7-m/nofp\libstdc++_nano.a(eh_call.o)
                0x080072da                __cxa_call_terminate
 .text.__cxa_call_unexpected
                0x080072f8       0x28 d:/zkrj/gnu arm embedded toolchain/9 2020-q2-update/bin/../lib/gcc/arm-none-eabi/9.3.1/../../../../arm-none-eabi/lib/thumb/v7-m/nofp\libstdc++_nano.a(eh_call.o)
                0x080072f8                __cxa_call_unexpected
 .text._ZN10__cxxabiv1L24__is_gxx_exception_classEPc
                0x08007320       0x3a d:/zkrj/gnu arm embedded toolchain/9 2020-q2-update/bin/../lib/gcc/arm-none-eabi/9.3.1/../../../../arm-none-eabi/lib/thumb/v7-m/nofp\libstdc++_nano.a(eh_catch.o)
 .text.__cxa_begin_catch
                0x0800735a       0x52 d:/zkrj/gnu arm embedded toolchain/9 2020-q2-update/bin/../lib/gcc/arm-none-eabi/9.3.1/../../../../arm-none-eabi/lib/thumb/v7-m/nofp\libstdc++_nano.a(eh_catch.o)
                0x0800735a                __cxa_begin_catch
 .text.abort    0x080073ac        0xe d:/zkrj/gnu arm embedded toolchain/9 2020-q2-update/bin/../lib/gcc/arm-none-eabi/9.3.1/../../../../arm-none-eabi/lib/thumb/v7-m/nofp\libc_nano.a(lib_a-abort.o)
                0x080073ac                abort
 .text.atoi     0x080073ba        0x8 d:/zkrj/gnu arm embedded toolchain/9 2020-q2-update/bin/../lib/gcc/arm-none-eabi/9.3.1/../../../../arm-none-eabi/lib/thumb/v7-m/nofp\libc_nano.a(lib_a-atoi.o)
                0x080073ba                atoi
 *fill*         0x080073c2        0x2 
 .text.__errno  0x080073c4        0xc d:/zkrj/gnu arm embedded toolchain/9 2020-q2-update/bin/../lib/gcc/arm-none-eabi/9.3.1/../../../../arm-none-eabi/lib/thumb/v7-m/nofp\libc_nano.a(lib_a-errno.o)
                0x080073c4                __errno
 .text.__libc_init_array
                0x080073d0       0x48 d:/zkrj/gnu arm embedded toolchain/9 2020-q2-update/bin/../lib/gcc/arm-none-eabi/9.3.1/../../../../arm-none-eabi/lib/thumb/v7-m/nofp\libc_nano.a(lib_a-init.o)
                0x080073d0                __libc_init_array
 .text.memcpy   0x08007418       0x1c d:/zkrj/gnu arm embedded toolchain/9 2020-q2-update/bin/../lib/gcc/arm-none-eabi/9.3.1/../../../../arm-none-eabi/lib/thumb/v7-m/nofp\libc_nano.a(lib_a-memcpy-stub.o)
                0x08007418                memcpy
 .text.memset   0x08007434       0x10 d:/zkrj/gnu arm embedded toolchain/9 2020-q2-update/bin/../lib/gcc/arm-none-eabi/9.3.1/../../../../arm-none-eabi/lib/thumb/v7-m/nofp\libc_nano.a(lib_a-memset.o)
                0x08007434                memset
 .text._raise_r
                0x08007444       0x50 d:/zkrj/gnu arm embedded toolchain/9 2020-q2-update/bin/../lib/gcc/arm-none-eabi/9.3.1/../../../../arm-none-eabi/lib/thumb/v7-m/nofp\libc_nano.a(lib_a-signal.o)
                0x08007444                _raise_r
 .text.raise    0x08007494       0x10 d:/zkrj/gnu arm embedded toolchain/9 2020-q2-update/bin/../lib/gcc/arm-none-eabi/9.3.1/../../../../arm-none-eabi/lib/thumb/v7-m/nofp\libc_nano.a(lib_a-signal.o)
                0x08007494                raise
 .text._kill_r  0x080074a4       0x24 d:/zkrj/gnu arm embedded toolchain/9 2020-q2-update/bin/../lib/gcc/arm-none-eabi/9.3.1/../../../../arm-none-eabi/lib/thumb/v7-m/nofp\libc_nano.a(lib_a-signalr.o)
                0x080074a4                _kill_r
 .text._getpid_r
                0x080074c8        0x4 d:/zkrj/gnu arm embedded toolchain/9 2020-q2-update/bin/../lib/gcc/arm-none-eabi/9.3.1/../../../../arm-none-eabi/lib/thumb/v7-m/nofp\libc_nano.a(lib_a-signalr.o)
                0x080074c8                _getpid_r
 .text.sprintf  0x080074cc       0x40 d:/zkrj/gnu arm embedded toolchain/9 2020-q2-update/bin/../lib/gcc/arm-none-eabi/9.3.1/../../../../arm-none-eabi/lib/thumb/v7-m/nofp\libc_nano.a(lib_a-sprintf.o)
                0x080074cc                siprintf
                0x080074cc                sprintf
 .text.strcpy   0x0800750c       0x10 d:/zkrj/gnu arm embedded toolchain/9 2020-q2-update/bin/../lib/gcc/arm-none-eabi/9.3.1/../../../../arm-none-eabi/lib/thumb/v7-m/nofp\libc_nano.a(lib_a-strcpy.o)
                0x0800750c                strcpy
 .text.strncat  0x0800751c       0x26 d:/zkrj/gnu arm embedded toolchain/9 2020-q2-update/bin/../lib/gcc/arm-none-eabi/9.3.1/../../../../arm-none-eabi/lib/thumb/v7-m/nofp\libc_nano.a(lib_a-strncat.o)
                0x0800751c                strncat
 .text.strncmp  0x08007542       0x24 d:/zkrj/gnu arm embedded toolchain/9 2020-q2-update/bin/../lib/gcc/arm-none-eabi/9.3.1/../../../../arm-none-eabi/lib/thumb/v7-m/nofp\libc_nano.a(lib_a-strncmp.o)
                0x08007542                strncmp
 .text.strncpy  0x08007566       0x26 d:/zkrj/gnu arm embedded toolchain/9 2020-q2-update/bin/../lib/gcc/arm-none-eabi/9.3.1/../../../../arm-none-eabi/lib/thumb/v7-m/nofp\libc_nano.a(lib_a-strncpy.o)
                0x08007566                strncpy
 .text._strtol_l.isra.0
                0x0800758c      0x10c d:/zkrj/gnu arm embedded toolchain/9 2020-q2-update/bin/../lib/gcc/arm-none-eabi/9.3.1/../../../../arm-none-eabi/lib/thumb/v7-m/nofp\libc_nano.a(lib_a-strtol.o)
 .text.strtol   0x08007698       0x14 d:/zkrj/gnu arm embedded toolchain/9 2020-q2-update/bin/../lib/gcc/arm-none-eabi/9.3.1/../../../../arm-none-eabi/lib/thumb/v7-m/nofp\libc_nano.a(lib_a-strtol.o)
                0x08007698                strtol
 .text._vsnprintf_r
                0x080076ac       0x58 d:/zkrj/gnu arm embedded toolchain/9 2020-q2-update/bin/../lib/gcc/arm-none-eabi/9.3.1/../../../../arm-none-eabi/lib/thumb/v7-m/nofp\libc_nano.a(lib_a-vsnprintf.o)
                0x080076ac                _vsniprintf_r
                0x080076ac                _vsnprintf_r
 .text.vsnprintf
                0x08007704       0x1c d:/zkrj/gnu arm embedded toolchain/9 2020-q2-update/bin/../lib/gcc/arm-none-eabi/9.3.1/../../../../arm-none-eabi/lib/thumb/v7-m/nofp\libc_nano.a(lib_a-vsnprintf.o)
                0x08007704                vsniprintf
                0x08007704                vsnprintf
 .text._malloc_r
                0x08007720       0xb4 d:/zkrj/gnu arm embedded toolchain/9 2020-q2-update/bin/../lib/gcc/arm-none-eabi/9.3.1/../../../../arm-none-eabi/lib/thumb/v7-m/nofp\libc_nano.a(lib_a-nano-mallocr.o)
                0x08007720                _malloc_r
 .text.__ssputs_r
                0x080077d4       0xb6 d:/zkrj/gnu arm embedded toolchain/9 2020-q2-update/bin/../lib/gcc/arm-none-eabi/9.3.1/../../../../arm-none-eabi/lib/thumb/v7-m/nofp\libc_nano.a(lib_a-nano-svfprintf.o)
                0x080077d4                __ssputs_r
 *fill*         0x0800788a        0x2 
 .text._svfprintf_r
                0x0800788c      0x200 d:/zkrj/gnu arm embedded toolchain/9 2020-q2-update/bin/../lib/gcc/arm-none-eabi/9.3.1/../../../../arm-none-eabi/lib/thumb/v7-m/nofp\libc_nano.a(lib_a-nano-svfprintf.o)
                0x0800788c                _svfiprintf_r
                0x0800788c                _svfprintf_r
 .text._printf_common
                0x08007a8c       0xde d:/zkrj/gnu arm embedded toolchain/9 2020-q2-update/bin/../lib/gcc/arm-none-eabi/9.3.1/../../../../arm-none-eabi/lib/thumb/v7-m/nofp\libc_nano.a(lib_a-nano-vfprintf_i.o)
                0x08007a8c                _printf_common
 *fill*         0x08007b6a        0x2 
 .text._printf_i
                0x08007b6c      0x24c d:/zkrj/gnu arm embedded toolchain/9 2020-q2-update/bin/../lib/gcc/arm-none-eabi/9.3.1/../../../../arm-none-eabi/lib/thumb/v7-m/nofp\libc_nano.a(lib_a-nano-vfprintf_i.o)
                0x08007b6c                _printf_i
 .text._sbrk_r  0x08007db8       0x20 d:/zkrj/gnu arm embedded toolchain/9 2020-q2-update/bin/../lib/gcc/arm-none-eabi/9.3.1/../../../../arm-none-eabi/lib/thumb/v7-m/nofp\libc_nano.a(lib_a-sbrkr.o)
                0x08007db8                _sbrk_r
 .text.memchr   0x08007dd8       0x1c d:/zkrj/gnu arm embedded toolchain/9 2020-q2-update/bin/../lib/gcc/arm-none-eabi/9.3.1/../../../../arm-none-eabi/lib/thumb/v7-m/nofp\libc_nano.a(lib_a-memchr-stub.o)
                0x08007dd8                memchr
 .text.memmove  0x08007df4       0x34 d:/zkrj/gnu arm embedded toolchain/9 2020-q2-update/bin/../lib/gcc/arm-none-eabi/9.3.1/../../../../arm-none-eabi/lib/thumb/v7-m/nofp\libc_nano.a(lib_a-memmove.o)
                0x08007df4                memmove
 .text.__malloc_lock
                0x08007e28        0xc d:/zkrj/gnu arm embedded toolchain/9 2020-q2-update/bin/../lib/gcc/arm-none-eabi/9.3.1/../../../../arm-none-eabi/lib/thumb/v7-m/nofp\libc_nano.a(lib_a-mlock.o)
                0x08007e28                __malloc_lock
 .text.__malloc_unlock
                0x08007e34        0xc d:/zkrj/gnu arm embedded toolchain/9 2020-q2-update/bin/../lib/gcc/arm-none-eabi/9.3.1/../../../../arm-none-eabi/lib/thumb/v7-m/nofp\libc_nano.a(lib_a-mlock.o)
                0x08007e34                __malloc_unlock
 .text._free_r  0x08007e40       0x98 d:/zkrj/gnu arm embedded toolchain/9 2020-q2-update/bin/../lib/gcc/arm-none-eabi/9.3.1/../../../../arm-none-eabi/lib/thumb/v7-m/nofp\libc_nano.a(lib_a-nano-freer.o)
                0x08007e40                _free_r
 .text._realloc_r
                0x08007ed8       0x4c d:/zkrj/gnu arm embedded toolchain/9 2020-q2-update/bin/../lib/gcc/arm-none-eabi/9.3.1/../../../../arm-none-eabi/lib/thumb/v7-m/nofp\libc_nano.a(lib_a-nano-reallocr.o)
                0x08007ed8                _realloc_r
 .text.__retarget_lock_acquire_recursive
                0x08007f24        0x2 d:/zkrj/gnu arm embedded toolchain/9 2020-q2-update/bin/../lib/gcc/arm-none-eabi/9.3.1/../../../../arm-none-eabi/lib/thumb/v7-m/nofp\libc_nano.a(lib_a-lock.o)
                0x08007f24                __retarget_lock_acquire_recursive
 .text.__retarget_lock_release_recursive
                0x08007f26        0x2 d:/zkrj/gnu arm embedded toolchain/9 2020-q2-update/bin/../lib/gcc/arm-none-eabi/9.3.1/../../../../arm-none-eabi/lib/thumb/v7-m/nofp\libc_nano.a(lib_a-lock.o)
                0x08007f26                __retarget_lock_release_recursive
 .text._malloc_usable_size_r
                0x08007f28       0x10 d:/zkrj/gnu arm embedded toolchain/9 2020-q2-update/bin/../lib/gcc/arm-none-eabi/9.3.1/../../../../arm-none-eabi/lib/thumb/v7-m/nofp\libc_nano.a(lib_a-nano-msizer.o)
                0x08007f28                _malloc_usable_size_r
 .text.unlikely
                0x08007f38        0xc d:/zkrj/gnu arm embedded toolchain/9 2020-q2-update/bin/../lib/gcc/arm-none-eabi/9.3.1/thumb/v7-m/nofp\libgcc.a(pr-support.o)
                0x08007f38                _Unwind_GetDataRelBase
                0x08007f3e                _Unwind_GetTextRelBase
 .text._getpid  0x08007f44       0x10 d:/zkrj/gnu arm embedded toolchain/9 2020-q2-update/bin/../lib/gcc/arm-none-eabi/9.3.1/../../../../arm-none-eabi/lib/thumb/v7-m/nofp\libnosys.a(getpid.o)
                0x08007f44                _getpid
 .text._kill    0x08007f54       0x10 d:/zkrj/gnu arm embedded toolchain/9 2020-q2-update/bin/../lib/gcc/arm-none-eabi/9.3.1/../../../../arm-none-eabi/lib/thumb/v7-m/nofp\libnosys.a(kill.o)
                0x08007f54                _kill
 .text._sbrk    0x08007f64       0x1c d:/zkrj/gnu arm embedded toolchain/9 2020-q2-update/bin/../lib/gcc/arm-none-eabi/9.3.1/../../../../arm-none-eabi/lib/thumb/v7-m/nofp\libnosys.a(sbrk.o)
                0x08007f64                _sbrk
 .text._exit    0x08007f80        0x4 d:/zkrj/gnu arm embedded toolchain/9 2020-q2-update/bin/../lib/gcc/arm-none-eabi/9.3.1/../../../../arm-none-eabi/lib/thumb/v7-m/nofp\libnosys.a(_exit.o)
                0x08007f80                _exit
 *(.glue_7)
 .glue_7        0x08007f84        0x0 linker stubs
 *(.glue_7t)
 .glue_7t       0x08007f84        0x0 linker stubs
 *(.eh_frame)
 .eh_frame      0x08007f84        0x0 d:/zkrj/gnu arm embedded toolchain/9 2020-q2-update/bin/../lib/gcc/arm-none-eabi/9.3.1/thumb/v7-m/nofp/crtbegin.o
 *(.init)
 .init          0x08007f84        0x4 d:/zkrj/gnu arm embedded toolchain/9 2020-q2-update/bin/../lib/gcc/arm-none-eabi/9.3.1/thumb/v7-m/nofp/crti.o
                0x08007f84                _init
 .init          0x08007f88        0x8 d:/zkrj/gnu arm embedded toolchain/9 2020-q2-update/bin/../lib/gcc/arm-none-eabi/9.3.1/thumb/v7-m/nofp/crtn.o
 *(.fini)
 .fini          0x08007f90        0x4 d:/zkrj/gnu arm embedded toolchain/9 2020-q2-update/bin/../lib/gcc/arm-none-eabi/9.3.1/thumb/v7-m/nofp/crti.o
                0x08007f90                _fini
 .fini          0x08007f94        0x8 d:/zkrj/gnu arm embedded toolchain/9 2020-q2-update/bin/../lib/gcc/arm-none-eabi/9.3.1/thumb/v7-m/nofp/crtn.o
                0x08007f9c                . = ALIGN (0x4)
                0x08007f9c                _etext = .

.vfp11_veneer   0x08007f9c        0x0
 .vfp11_veneer  0x08007f9c        0x0 linker stubs

.v4_bx          0x08007f9c        0x0
 .v4_bx         0x08007f9c        0x0 linker stubs

.iplt           0x08007f9c        0x0
 .iplt          0x08007f9c        0x0 d:/zkrj/gnu arm embedded toolchain/9 2020-q2-update/bin/../lib/gcc/arm-none-eabi/9.3.1/thumb/v7-m/nofp/crtbegin.o

.rodata         0x08007f9c      0x5a8
                0x08007f9c                . = ALIGN (0x4)
 *(.rodata)
 *(.rodata*)
 .rodata.str1.4
                0x08007f9c        0xc build/main.o
 .rodata.defaultTask_attributes
                0x08007fa8       0x24 build/main.o
                0x08007fa8                defaultTask_attributes
 .rodata.HAL_RCC_GetSysClockFreq.str1.4
                0x08007fcc       0x11 build/stm32f1xx_hal_rcc.o
 *fill*         0x08007fdd        0x3 
 .rodata.AHBPrescTable
                0x08007fe0       0x10 build/system_stm32f1xx.o
                0x08007fe0                AHBPrescTable
 .rodata.APBPrescTable
                0x08007ff0        0x8 build/system_stm32f1xx.o
                0x08007ff0                APBPrescTable
 .rodata.vTaskStartScheduler.str1.4
                0x08007ff8        0x5 build/tasks.o
 *fill*         0x08007ffd        0x3 
 .rodata.prvCheckForValidListAndQueue.str1.4
                0x08008000        0x5 build/timers.o
 *fill*         0x08008005        0x3 
 .rodata.xTimerCreateTimerTask.str1.4
                0x08008008        0x8 build/timers.o
 .rodata.str1.4
                0x08008010        0xc build/defaultTask.o
 .rodata._ZN20defaultTaskNamespaceL21defaultTaskAttributesE
                0x08008010       0x24 build/defaultTask.o
 .rodata.str1.4
                0x08008034        0x8 build/cliTask.o
 .rodata._ZN5xiagb5upper16cliTaskNamespaceL17cliTaskAttributesE
                0x0800803c       0x24 build/cliTask.o
 .rodata.str1.4
                0x08008060       0x1c build/machineTask.o
 .rodata._ZN5xiagb5upper20machineTaskNamespaceL21machineTaskAttributesE
                0x0800807c       0x24 build/machineTask.o
 .rodata._ZN5xiagb5upper20machineTaskNamespaceL22machineTask1AttributesE
                0x080080a0       0x24 build/machineTask.o
 .rodata._ZN5xiagb15parserNamespace12cliNamespace23prvParameterEchoCommandEPcjPKc.str1.4
                0x080080c4       0x1d build/cli.o
                                 0x23 (size before relaxing)
 *fill*         0x080080e1        0x3 
 .rodata._ZN5xiagb15parserNamespace12cliNamespace26FreeRTOS_CLIProcessCommandEPKcPcjPKNS1_8cmd_listE.str1.4
                0x080080e4       0xa8 build/cli.o
 .rodata._ZN5xiagb15parserNamespace12cliNamespace8cliClass4loopEv.str1.4
                0x0800818c       0x39 build/cli.o
 *fill*         0x080081c5        0x3 
 .rodata._ZN5xiagb15parserNamespace12cliNamespace8cliClass4initEPNS_22communicationNamespace13uartNamespace9uartClassE.str1.4
                0x080081c8       0x50 build/cli.o
 .rodata.str1.4
                0x08008218       0x8b build/cli.o
 *fill*         0x080082a3        0x1 
 .rodata._ZN5xiagb15parserNamespace12cliNamespaceL12xHelpCommandE
                0x080082a4       0x10 build/cli.o
 .rodata._ZN5xiagb15parserNamespace12cliNamespaceL14xParameterEchoE
                0x080082b4       0x10 build/cli.o
 .rodata._ZN5xiagb14motorNamespace21canStepMotorNamespace17canStepMotorClass4initEPNS_22communicationNamespace12canNamespace8canClassEhhbbhh.str1.4
                0x080082c4       0x17 build/canStepMotor.o
 *fill*         0x080082db        0x1 
 .rodata._ZN5xiagb14motorNamespace21canStepMotorNamespace17canStepMotorClass5resetEtt.str1.4
                0x080082dc        0xb build/canStepMotor.o
 *fill*         0x080082e7        0x1 
 .rodata._ZTIN10__cxxabiv115__forced_unwindE
                0x080082e8        0x8 d:/zkrj/gnu arm embedded toolchain/9 2020-q2-update/bin/../lib/gcc/arm-none-eabi/9.3.1/../../../../arm-none-eabi/lib/thumb/v7-m/nofp\libstdc++_nano.a(eh_exception.o)
                0x080082e8                typeinfo for __cxxabiv1::__forced_unwind
 .rodata._ZTIN10__cxxabiv119__foreign_exceptionE
                0x080082f0        0x8 d:/zkrj/gnu arm embedded toolchain/9 2020-q2-update/bin/../lib/gcc/arm-none-eabi/9.3.1/../../../../arm-none-eabi/lib/thumb/v7-m/nofp\libstdc++_nano.a(eh_exception.o)
                0x080082f0                typeinfo for __cxxabiv1::__foreign_exception
 .rodata._ZTSN10__cxxabiv115__forced_unwindE
                0x080082f8       0x20 d:/zkrj/gnu arm embedded toolchain/9 2020-q2-update/bin/../lib/gcc/arm-none-eabi/9.3.1/../../../../arm-none-eabi/lib/thumb/v7-m/nofp\libstdc++_nano.a(eh_exception.o)
                0x080082f8                typeinfo name for __cxxabiv1::__forced_unwind
 .rodata._ZTSN10__cxxabiv119__foreign_exceptionE
                0x08008318       0x24 d:/zkrj/gnu arm embedded toolchain/9 2020-q2-update/bin/../lib/gcc/arm-none-eabi/9.3.1/../../../../arm-none-eabi/lib/thumb/v7-m/nofp\libstdc++_nano.a(eh_exception.o)
                0x08008318                typeinfo name for __cxxabiv1::__foreign_exception
 .rodata._ZTIN10__cxxabiv120__si_class_type_infoE
                0x0800833c        0xc d:/zkrj/gnu arm embedded toolchain/9 2020-q2-update/bin/../lib/gcc/arm-none-eabi/9.3.1/../../../../arm-none-eabi/lib/thumb/v7-m/nofp\libstdc++_nano.a(si_class_type_info.o)
                0x0800833c                typeinfo for __cxxabiv1::__si_class_type_info
 .rodata._ZTSN10__cxxabiv120__si_class_type_infoE
                0x08008348       0x25 d:/zkrj/gnu arm embedded toolchain/9 2020-q2-update/bin/../lib/gcc/arm-none-eabi/9.3.1/../../../../arm-none-eabi/lib/thumb/v7-m/nofp\libstdc++_nano.a(si_class_type_info.o)
                0x08008348                typeinfo name for __cxxabiv1::__si_class_type_info
 *fill*         0x0800836d        0x3 
 .rodata._ZTVN10__cxxabiv120__si_class_type_infoE
                0x08008370       0x2c d:/zkrj/gnu arm embedded toolchain/9 2020-q2-update/bin/../lib/gcc/arm-none-eabi/9.3.1/../../../../arm-none-eabi/lib/thumb/v7-m/nofp\libstdc++_nano.a(si_class_type_info.o)
                0x08008370                vtable for __cxxabiv1::__si_class_type_info
 .rodata._ZTISt9type_info
                0x0800839c        0x8 d:/zkrj/gnu arm embedded toolchain/9 2020-q2-update/bin/../lib/gcc/arm-none-eabi/9.3.1/../../../../arm-none-eabi/lib/thumb/v7-m/nofp\libstdc++_nano.a(tinfo.o)
                0x0800839c                typeinfo for std::type_info
 .rodata._ZTSSt9type_info
                0x080083a4        0xd d:/zkrj/gnu arm embedded toolchain/9 2020-q2-update/bin/../lib/gcc/arm-none-eabi/9.3.1/../../../../arm-none-eabi/lib/thumb/v7-m/nofp\libstdc++_nano.a(tinfo.o)
                0x080083a4                typeinfo name for std::type_info
 *fill*         0x080083b1        0x3 
 .rodata._ZTIN10__cxxabiv117__class_type_infoE
                0x080083b4        0xc d:/zkrj/gnu arm embedded toolchain/9 2020-q2-update/bin/../lib/gcc/arm-none-eabi/9.3.1/../../../../arm-none-eabi/lib/thumb/v7-m/nofp\libstdc++_nano.a(class_type_info.o)
                0x080083b4                typeinfo for __cxxabiv1::__class_type_info
 .rodata._ZTSN10__cxxabiv117__class_type_infoE
                0x080083c0       0x22 d:/zkrj/gnu arm embedded toolchain/9 2020-q2-update/bin/../lib/gcc/arm-none-eabi/9.3.1/../../../../arm-none-eabi/lib/thumb/v7-m/nofp\libstdc++_nano.a(class_type_info.o)
                0x080083c0                typeinfo name for __cxxabiv1::__class_type_info
 *fill*         0x080083e2        0x2 
 .rodata._ZTVN10__cxxabiv117__class_type_infoE
                0x080083e4       0x2c d:/zkrj/gnu arm embedded toolchain/9 2020-q2-update/bin/../lib/gcc/arm-none-eabi/9.3.1/../../../../arm-none-eabi/lib/thumb/v7-m/nofp\libstdc++_nano.a(class_type_info.o)
                0x080083e4                vtable for __cxxabiv1::__class_type_info
 .rodata._ctype_
                0x08008410      0x101 d:/zkrj/gnu arm embedded toolchain/9 2020-q2-update/bin/../lib/gcc/arm-none-eabi/9.3.1/../../../../arm-none-eabi/lib/thumb/v7-m/nofp\libc_nano.a(lib_a-ctype_.o)
                0x08008410                _ctype_
 .rodata._svfprintf_r.str1.1
                0x08008511       0x11 d:/zkrj/gnu arm embedded toolchain/9 2020-q2-update/bin/../lib/gcc/arm-none-eabi/9.3.1/../../../../arm-none-eabi/lib/thumb/v7-m/nofp\libc_nano.a(lib_a-nano-svfprintf.o)
 .rodata._printf_i.str1.1
                0x08008522       0x22 d:/zkrj/gnu arm embedded toolchain/9 2020-q2-update/bin/../lib/gcc/arm-none-eabi/9.3.1/../../../../arm-none-eabi/lib/thumb/v7-m/nofp\libc_nano.a(lib_a-nano-vfprintf_i.o)
                0x08008544                . = ALIGN (0x4)

.ARM.extab      0x08008544      0x128
 *(.ARM.extab* .gnu.linkonce.armextab.*)
 .ARM.extab.text._ZN20defaultTaskNamespace11defaultTaskEPv
                0x08008544       0x18 build/defaultTask.o
 .ARM.extab.text._ZN20defaultTaskNamespace28systemPilotLampTimerCallbackEPv
                0x0800855c        0xc build/defaultTask.o
 .ARM.extab.text.defaultTaskStart
                0x08008568        0xc build/defaultTask.o
 .ARM.extab.text._ZN5xiagb5upper16cliTaskNamespace7cliTaskEPv
                0x08008574       0x2c build/cliTask.o
 .ARM.extab.text.uart1IrqCallback
                0x080085a0        0xc build/cliTask.o
 .ARM.extab.text.HAL_UART_RxCpltCallback
                0x080085ac        0xc build/cliTask.o
 .ARM.extab.text.HAL_CAN_RxFifo0MsgPendingCallback
                0x080085b8        0xc build/cliTask.o
 .ARM.extab.text._ZN5xiagb5upper16cliTaskNamespace12cliTaskStartEv
                0x080085c4        0xc build/cliTask.o
 .ARM.extab.text._ZN5xiagb5upper20machineTaskNamespace12machineTask1EPv
                0x080085d0       0x18 build/machineTask.o
 .ARM.extab.text._ZN5xiagb5upper20machineTaskNamespace16machineTaskStartEv
                0x080085e8        0xc build/machineTask.o
 .ARM.extab.text._ZN5xiagb5upper20machineTaskNamespace17machineTask1StartEv
                0x080085f4        0xc build/machineTask.o
 .ARM.extab.text._Znwj
                0x08008600        0xc build/platform.o
 .ARM.extab.text._ZdlPv
                0x0800860c        0xc build/platform.o
 .ARM.extab.text._ZN5xiagb18pilotLampNamespace12ledNamespace8ledClass6toggleEv
                0x08008618        0xc build/led.o
 .ARM.extab.text._ZN5xiagb22communicationNamespace12canNamespace8canClass10echoPrintfEhPKcz
                0x08008624        0xc build/can.o
 .ARM.extab.text._ZN5xiagb15parserNamespace12cliNamespace8cliClass7getCharEPh
                0x08008630        0xc build/cli.o
 .ARM.extab.text._ZN5xiagb15parserNamespace12cliNamespace8cliClass7setCharEPh
                0x0800863c        0xc build/cli.o
 .ARM.extab.text._ZN5xiagb15parserNamespace12cliNamespace8cliClass26vRegisterSampleCLICommandsEv
                0x08008648        0xc build/cli.o
 .ARM.extab     0x08008654       0x18 d:/zkrj/gnu arm embedded toolchain/9 2020-q2-update/bin/../lib/gcc/arm-none-eabi/9.3.1/thumb/v7-m/nofp\libgcc.a(pr-support.o)

.ARM            0x0800866c      0x248
                0x0800866c                __exidx_start = .
 *(.ARM.exidx*)
 .ARM.exidx.text._ZN20defaultTaskNamespace11defaultTaskEPv
                0x08008724        0x8 build/defaultTask.o
 .ARM.exidx.text._ZN20defaultTaskNamespace28systemPilotLampTimerCallbackEPv
                0x0800872c        0x8 build/defaultTask.o
 .ARM.exidx.text.defaultTaskStart
                0x08008734        0x8 build/defaultTask.o
 .ARM.exidx.text._ZN5xiagb5upper16cliTaskNamespace25getMasterCommandAndputCliEPvS2_
                0x0800873c        0x8 build/cliTask.o
 .ARM.exidx.text._ZN5xiagb5upper16cliTaskNamespace24getSalveCommandAndputCliEPvPS2_
                0x08008744        0x8 build/cliTask.o
 .ARM.exidx.text._ZN5xiagb5upper16cliTaskNamespace7cliTaskEPv
                0x0800874c        0x8 build/cliTask.o
 .ARM.exidx.text.uart1IrqCallback
                0x08008754        0x8 build/cliTask.o
 .ARM.exidx.text.HAL_UART_RxCpltCallback
                0x0800875c        0x8 build/cliTask.o
 .ARM.exidx.text.HAL_CAN_RxFifo0MsgPendingCallback
                0x08008764        0x8 build/cliTask.o
 .ARM.exidx.text._ZN5xiagb5upper16cliTaskNamespace12cliTaskStartEv
                0x0800876c        0x8 build/cliTask.o
 .ARM.exidx.text._ZN5xiagb5upper20machineTaskNamespace12machineTask1EPv
                0x08008774        0x8 build/machineTask.o
 .ARM.exidx.text._ZN5xiagb5upper20machineTaskNamespace16machineTaskStartEv
                0x0800877c        0x8 build/machineTask.o
 .ARM.exidx.text._ZN5xiagb5upper20machineTaskNamespace17machineTask1StartEv
                0x08008784        0x8 build/machineTask.o
 .ARM.exidx.text._ZN5xiagb5upper20machineTaskNamespace13slaveFeedbackEhhhl
                0x0800878c        0x8 build/machineTask.o
 .ARM.exidx.text._ZN5xiagb5upper20machineTaskNamespace11machineTaskEPv
                0x08008794        0x8 build/machineTask.o
 .ARM.exidx.text._Znwj
                0x0800879c        0x8 build/platform.o
 .ARM.exidx.text._ZdlPv
                0x080087a4        0x8 build/platform.o
 .ARM.exidx.text._ZN5xiagb18pilotLampNamespace12ledNamespace8ledClassC2Ev
                0x080087ac        0x8 build/led.o
 .ARM.exidx.text._ZN5xiagb18pilotLampNamespace12ledNamespace8ledClass4initEP12GPIO_TypeDeftbb
                0x080087b4        0x8 build/led.o
 .ARM.exidx.text._ZN5xiagb18pilotLampNamespace12ledNamespace8ledClass6toggleEv
                0x080087bc        0x8 build/led.o
 .ARM.exidx.text._ZN5xiagb22communicationNamespace13uartNamespace9uartClassC2Ev
                0x080087c4        0x8 build/uart.o
 .ARM.exidx.text._ZN5xiagb22communicationNamespace13uartNamespace9uartClass4initEP13USART_TypeDefmP20__UART_HandleTypeDefP19__DMA_HandleTypeDefS8_
                0x080087cc        0x8 build/uart.o
 .ARM.exidx.text._ZN5xiagb22communicationNamespace13uartNamespace9uartClass4sendEPht
                0x080087d4        0x8 build/uart.o
 .ARM.exidx.text._ZN5xiagb22communicationNamespace13uartNamespace9uartClass12idleCallbackEv
                0x080087dc        0x8 build/uart.o
 .ARM.exidx.text._ZN5xiagb22communicationNamespace13uartNamespace9uartClass18rxCompleteCallbackEv
                0x080087e4        0x8 build/uart.o
 .ARM.exidx.text._ZN5xiagb22communicationNamespace12canNamespace8canClassC2Ev
                0x080087ec        0x8 build/can.o
 .ARM.exidx.text._ZN5xiagb22communicationNamespace12canNamespace8canClass4initEP11CAN_TypeDefhP19__CAN_HandleTypeDef
                0x080087f4        0x8 build/can.o
 .ARM.exidx.text._ZN5xiagb22communicationNamespace12canNamespace8canClass4sendEPhh
                0x080087fc        0x8 build/can.o
 .ARM.exidx.text._ZN5xiagb22communicationNamespace12canNamespace8canClass10echoPrintfEhPKcz
                0x08008804        0x8 build/can.o
 .ARM.exidx.text._ZN5xiagb22communicationNamespace12canNamespace8canClass15receiveCallbackEv
                0x0800880c        0x8 build/can.o
 .ARM.exidx.text._ZN5xiagb15parserNamespace12cliNamespace14prvHelpCommandEPcjPKc
                0x08008814        0x8 build/cli.o
 .ARM.exidx.text._ZN5xiagb15parserNamespace12cliNamespace8cliClassC2Ev
                0x0800881c        0x0 build/cli.o
                                  0x8 (size before relaxing)
 .ARM.exidx.text._ZN5xiagb15parserNamespace12cliNamespace8cliClass10outputCharEh
                0x0800881c        0x8 build/cli.o
 .ARM.exidx.text._ZN5xiagb15parserNamespace12cliNamespace8cliClass9outputStrEPh
                0x08008824        0x8 build/cli.o
 .ARM.exidx.text._ZN5xiagb15parserNamespace12cliNamespace8cliClass7getCharEPh
                0x0800882c        0x8 build/cli.o
 .ARM.exidx.text._ZN5xiagb15parserNamespace12cliNamespace8cliClass7setCharEPh
                0x08008834        0x8 build/cli.o
 .ARM.exidx.text._ZN5xiagb15parserNamespace12cliNamespace8cliClass12setEchoQueueEPv
                0x0800883c        0x8 build/cli.o
 .ARM.exidx.text._ZN5xiagb15parserNamespace12cliNamespace8cliClass15receiveQueueStrEPv
                0x08008844        0x8 build/cli.o
 .ARM.exidx.text._ZN5xiagb15parserNamespace12cliNamespace27FreeRTOS_CLIRegisterCommandEPKNS1_3cmdE
                0x0800884c        0x8 build/cli.o
 .ARM.exidx.text._ZN5xiagb15parserNamespace12cliNamespace24FreeRTOS_CLIGetParameterEPKcmPl
                0x08008854        0x8 build/cli.o
 .ARM.exidx.text._ZN5xiagb15parserNamespace12cliNamespace23prvParameterEchoCommandEPcjPKc
                0x0800885c        0x8 build/cli.o
 .ARM.exidx.text._ZN5xiagb15parserNamespace12cliNamespace24prvGetNumberOfParametersEPKc
                0x08008864        0x8 build/cli.o
 .ARM.exidx.text._ZN5xiagb15parserNamespace12cliNamespace26FreeRTOS_CLIProcessCommandEPKcPcjPKNS1_8cmd_listE
                0x0800886c        0x8 build/cli.o
 .ARM.exidx.text._ZN5xiagb15parserNamespace12cliNamespace8cliClass4loopEv
                0x08008874        0x8 build/cli.o
 .ARM.exidx.text._ZN5xiagb15parserNamespace12cliNamespace8cliClass26vRegisterSampleCLICommandsEv
                0x0800887c        0x8 build/cli.o
 .ARM.exidx.text._ZN5xiagb15parserNamespace12cliNamespace8cliClass4initEPNS_22communicationNamespace13uartNamespace9uartClassE
                0x08008884        0x8 build/cli.o